;  LST file generated by mikroListExporter - v.2.0 
; Date/Time: 28/03/2016 23.04.49
;----------------------------------------------

;Address Opcode 	ASM
0x0000	0x2851      	GOTO       81
_interrupt:
0x0004	0x00DF      	MOVWF      R15
0x0005	0x0E03      	SWAPF      STATUS, 0
0x0006	0x0183      	CLRF       STATUS
0x0007	0x00AF      	MOVWF      ___saveSTATUS
0x0008	0x080A      	MOVF       PCLATH, 0
0x0009	0x00AE      	MOVWF      ___savePCLATH
0x000A	0x018A      	CLRF       PCLATH
;SeaTurtle.c,40 :: 		void interrupt()
;SeaTurtle.c,42 :: 		if(GPIF_bit)
0x000B	0x1C0B      	BTFSS      GPIF_bit, BitPos(GPIF_bit+0)
0x000C	0x2824      	GOTO       L_interrupt0
;SeaTurtle.c,44 :: 		if(PPM && !PPM_level)
0x000D	0x1283      	BCF        STATUS, 5
0x000E	0x1E85      	BTFSS      GP5_bit, BitPos(GP5_bit+0)
0x000F	0x2818      	GOTO       L_interrupt3
0x0010	0x0820      	MOVF       _PPM_level, 0
0x0011	0x1D03      	BTFSS      STATUS, 2
0x0012	0x2818      	GOTO       L_interrupt3
L__interrupt37:
;SeaTurtle.c,46 :: 		PPM_start = TMR0;
0x0013	0x0801      	MOVF       TMR0, 0
0x0014	0x00A2      	MOVWF      _PPM_start
;SeaTurtle.c,47 :: 		PPM_level = 1;
0x0015	0x3001      	MOVLW      1
0x0016	0x00A0      	MOVWF      _PPM_level
;SeaTurtle.c,48 :: 		}
0x0017	0x2823      	GOTO       L_interrupt4
L_interrupt3:
;SeaTurtle.c,49 :: 		else if(!PPM && PPM_level)
0x0018	0x1A85      	BTFSC      GP5_bit, BitPos(GP5_bit+0)
0x0019	0x2823      	GOTO       L_interrupt7
0x001A	0x0820      	MOVF       _PPM_level, 0
0x001B	0x1903      	BTFSC      STATUS, 2
0x001C	0x2823      	GOTO       L_interrupt7
L__interrupt36:
;SeaTurtle.c,51 :: 		PPM_value = TMR0 - PPM_start;
0x001D	0x0822      	MOVF       _PPM_start, 0
0x001E	0x0201      	SUBWF      TMR0, 0
0x001F	0x00A3      	MOVWF      _PPM_value
;SeaTurtle.c,52 :: 		PPM_level = 0;
0x0020	0x01A0      	CLRF       _PPM_level
;SeaTurtle.c,53 :: 		PPM_updated = 1;
0x0021	0x3001      	MOVLW      1
0x0022	0x00A4      	MOVWF      _PPM_updated
;SeaTurtle.c,54 :: 		}
L_interrupt7:
L_interrupt4:
;SeaTurtle.c,56 :: 		GPIF_bit = 0;
0x0023	0x100B      	BCF        GPIF_bit, BitPos(GPIF_bit+0)
;SeaTurtle.c,57 :: 		}
L_interrupt0:
;SeaTurtle.c,58 :: 		}
L_end_interrupt:
L__interrupt39:
0x0024	0x082E      	MOVF       ___savePCLATH, 0
0x0025	0x008A      	MOVWF      PCLATH
0x0026	0x0E2F      	SWAPF      ___saveSTATUS, 0
0x0027	0x0083      	MOVWF      STATUS
0x0028	0x0EDF      	SWAPF      R15, 1
0x0029	0x0E5F      	SWAPF      R15, 0
0x002A	0x0009      	RETFIE
; end of _interrupt
_____DoICP:
;__Lib_System.c,6 :: 		
;__Lib_System.c,9 :: 		
0x002B	0x1283      	BCF        STATUS, 5
0x002C	0x082D      	MOVF       ___DoICPAddr+1, 0
0x002D	0x008A      	MOVWF      PCLATH
;__Lib_System.c,10 :: 		
0x002E	0x082C      	MOVF       ___DoICPAddr, 0
0x002F	0x0082      	MOVWF      PCL
;__Lib_System.c,12 :: 		
L_end_____DoICP:
0x0030	0x0008      	RETURN
; end of _____DoICP
___CC2DW:
;__Lib_System.c,134 :: 		
;__Lib_System.c,137 :: 		
_CC2D_Loop1:
;__Lib_System.c,139 :: 		
0x0031	0x202B      	CALL       _____DoICP
0x0032	0x118A      	BCF        PCLATH, 3
0x0033	0x120A      	BCF        PCLATH, 4
;__Lib_System.c,141 :: 		
0x0034	0x0080      	MOVWF      INDF
;__Lib_System.c,142 :: 		
0x0035	0x0A84      	INCF       FSR, 1
;__Lib_System.c,143 :: 		
0x0036	0x0AAC      	INCF       ___DoICPAddr, 1
;__Lib_System.c,145 :: 		
0x0037	0x1903      	BTFSC      STATUS, 2
;__Lib_System.c,146 :: 		
0x0038	0x0AAD      	INCF       ___DoICPAddr+1, 1
;__Lib_System.c,147 :: 		
0x0039	0x03D0      	DECF       R0, 1
;__Lib_System.c,149 :: 		
0x003A	0x1D03      	BTFSS      STATUS, 2
;__Lib_System.c,150 :: 		
0x003B	0x2831      	GOTO       _CC2D_Loop1
;__Lib_System.c,152 :: 		
L_end___CC2DW:
0x003C	0x0008      	RETURN
; end of ___CC2DW
_syncPPM:
;SeaTurtle.c,60 :: 		void syncPPM(unsigned char frames)
;SeaTurtle.c,63 :: 		i = 0;
0x003D	0x1283      	BCF        STATUS, 5
0x003E	0x01AB      	CLRF       _i
;SeaTurtle.c,64 :: 		while(i < frames)
L_syncPPM8:
0x003F	0x0830      	MOVF       FARG_syncPPM_frames, 0
0x0040	0x022B      	SUBWF      _i, 0
0x0041	0x1803      	BTFSC      STATUS, 0
0x0042	0x2850      	GOTO       L_syncPPM9
;SeaTurtle.c,66 :: 		PPM_updated = 0;
0x0043	0x01A4      	CLRF       _PPM_updated
;SeaTurtle.c,67 :: 		while(!PPM_updated);
L_syncPPM10:
0x0044	0x0824      	MOVF       _PPM_updated, 0
0x0045	0x1D03      	BTFSS      STATUS, 2
0x0046	0x2848      	GOTO       L_syncPPM11
0x0047	0x2844      	GOTO       L_syncPPM10
L_syncPPM11:
;SeaTurtle.c,68 :: 		if(PPM_value > PPM_MIN_VALID)
0x0048	0x0823      	MOVF       _PPM_value, 0
0x0049	0x3C70      	SUBLW      112
0x004A	0x1803      	BTFSC      STATUS, 0
0x004B	0x284E      	GOTO       L_syncPPM12
;SeaTurtle.c,69 :: 		i++;
0x004C	0x0AAB      	INCF       _i, 1
0x004D	0x284F      	GOTO       L_syncPPM13
L_syncPPM12:
;SeaTurtle.c,71 :: 		i = 0;
0x004E	0x01AB      	CLRF       _i
L_syncPPM13:
;SeaTurtle.c,72 :: 		}
0x004F	0x283F      	GOTO       L_syncPPM8
L_syncPPM9:
;SeaTurtle.c,73 :: 		}
L_end_syncPPM:
0x0050	0x0008      	RETURN
; end of _syncPPM
_main:
0x0051	0x1283      	BCF        STATUS, 5
0x0052	0x01A0      	CLRF       _PPM_level
0x0053	0x01A1      	CLRF       _PWM_i
0x0054	0x01A2      	CLRF       _PPM_start
0x0055	0x30BC      	MOVLW      188
0x0056	0x00A3      	MOVWF      _PPM_value
0x0057	0x01A4      	CLRF       _PPM_updated
0x0058	0x01A5      	CLRF       _XENON_delay
0x0059	0x01A6      	CLRF       38
0x005A	0x3080      	MOVLW      128
0x005B	0x00A7      	MOVWF      _PPM_antiglitch
0x005C	0x01A8      	CLRF       _LIGHTS_on
0x005D	0x01A9      	CLRF       _PPM_command
0x005E	0x01AA      	CLRF       _XENON_pwm
;SeaTurtle.c,75 :: 		void main() {
;SeaTurtle.c,79 :: 		bsf STATUS, RP0
0x005F	0x1683      	BSF        STATUS, 5
;SeaTurtle.c,80 :: 		call 0x03ff
0x0060	0x23FF      	CALL       1023
;SeaTurtle.c,81 :: 		movwf OSCCAL
0x0061	0x0090      	MOVWF      OSCCAL
;SeaTurtle.c,82 :: 		bcf STATUS, RP0
0x0062	0x1283      	BCF        STATUS, 5
;SeaTurtle.c,85 :: 		CMCON = 0b00010111;         // Comparatori OFF
0x0063	0x3017      	MOVLW      23
0x0064	0x0099      	MOVWF      CMCON
;SeaTurtle.c,86 :: 		OPTION_REG = 0b00000010;    // TMR0 con prescaler 1/8 (ciclo 2,048 msec), pull-up abilitati
0x0065	0x3002      	MOVLW      2
0x0066	0x1683      	BSF        STATUS, 5
0x0067	0x0081      	MOVWF      OPTION_REG
;SeaTurtle.c,88 :: 		GIE_bit = 1;                // Interrupt generale abilitato
0x0068	0x178B      	BSF        GIE_bit, BitPos(GIE_bit+0)
;SeaTurtle.c,89 :: 		GPIE_bit = 1;               // Interrupt-On-Change abilitato
0x0069	0x158B      	BSF        GPIE_bit, BitPos(GPIE_bit+0)
;SeaTurtle.c,90 :: 		IOC = 0b00100000;           // IOC abilitato su GP5 (PPM)
0x006A	0x3020      	MOVLW      32
0x006B	0x0096      	MOVWF      IOC
;SeaTurtle.c,91 :: 		WPU = 0b00100000;           // Weak pull-up abilitato solo su GP5 (PPM)
0x006C	0x3020      	MOVLW      32
0x006D	0x0095      	MOVWF      WPU
;SeaTurtle.c,93 :: 		TRISIO5_bit = 1;
0x006E	0x1685      	BSF        TRISIO5_bit, BitPos(TRISIO5_bit+0)
;SeaTurtle.c,95 :: 		ALL_OFF();
0x006F	0x1485      	BSF        TRISIO1_bit, BitPos(TRISIO1_bit+0)
0x0070	0x1405      	BSF        TRISIO0_bit, BitPos(TRISIO0_bit+0)
0x0071	0x1605      	BSF        TRISIO4_bit, BitPos(TRISIO4_bit+0)
0x0072	0x1505      	BSF        TRISIO2_bit, BitPos(TRISIO2_bit+0)
;SeaTurtle.c,96 :: 		GPIO = 0xFF;        // Tutti i buffer di uscita accesi
0x0073	0x30FF      	MOVLW      255
0x0074	0x1283      	BCF        STATUS, 5
0x0075	0x0085      	MOVWF      GPIO
;SeaTurtle.c,99 :: 		syncPPM(STARTUP_PPM_FRAMES);
0x0076	0x3064      	MOVLW      100
0x0077	0x00B0      	MOVWF      FARG_syncPPM_frames
0x0078	0x203D      	CALL       _syncPPM
;SeaTurtle.c,102 :: 		while(1)
L_main14:
;SeaTurtle.c,104 :: 		if(PPM_updated)
0x0079	0x0824      	MOVF       _PPM_updated, 0
0x007A	0x1903      	BTFSC      STATUS, 2
0x007B	0x28E0      	GOTO       L_main16
;SeaTurtle.c,107 :: 		if(PPM_value > PPM_1500_US)
0x007C	0x0823      	MOVF       _PPM_value, 0
0x007D	0x3CBC      	SUBLW      188
0x007E	0x1803      	BTFSC      STATUS, 0
0x007F	0x288A      	GOTO       L_main17
;SeaTurtle.c,109 :: 		if(PPM_antiglitch < ANTIGLITCH_ZERO + ANTIGLITCH_COUNT)
0x0080	0x3085      	MOVLW      133
0x0081	0x0227      	SUBWF      _PPM_antiglitch, 0
0x0082	0x1803      	BTFSC      STATUS, 0
0x0083	0x2887      	GOTO       L_main18
;SeaTurtle.c,111 :: 		PPM_antiglitch++;
0x0084	0x0AA7      	INCF       _PPM_antiglitch, 1
;SeaTurtle.c,112 :: 		PPM_command = CMD_OFF;
0x0085	0x01A9      	CLRF       _PPM_command
;SeaTurtle.c,113 :: 		}
0x0086	0x2889      	GOTO       L_main19
L_main18:
;SeaTurtle.c,115 :: 		PPM_command = CMD_ON;
0x0087	0x3001      	MOVLW      1
0x0088	0x00A9      	MOVWF      _PPM_command
L_main19:
;SeaTurtle.c,116 :: 		}
0x0089	0x2893      	GOTO       L_main20
L_main17:
;SeaTurtle.c,119 :: 		if(PPM_antiglitch > ANTIGLITCH_ZERO)
0x008A	0x0827      	MOVF       _PPM_antiglitch, 0
0x008B	0x3C80      	SUBLW      128
0x008C	0x1803      	BTFSC      STATUS, 0
0x008D	0x2892      	GOTO       L_main21
;SeaTurtle.c,121 :: 		PPM_antiglitch--;
0x008E	0x03A7      	DECF       _PPM_antiglitch, 1
;SeaTurtle.c,122 :: 		PPM_command = CMD_ON;
0x008F	0x3001      	MOVLW      1
0x0090	0x00A9      	MOVWF      _PPM_command
;SeaTurtle.c,123 :: 		}
0x0091	0x2893      	GOTO       L_main22
L_main21:
;SeaTurtle.c,125 :: 		PPM_command = CMD_OFF;
0x0092	0x01A9      	CLRF       _PPM_command
L_main22:
;SeaTurtle.c,126 :: 		}
L_main20:
;SeaTurtle.c,129 :: 		switch(PPM_command)
0x0093	0x28DA      	GOTO       L_main23
;SeaTurtle.c,131 :: 		case CMD_ON:
L_main25:
;SeaTurtle.c,133 :: 		if(!LIGHTS_on)
0x0094	0x0828      	MOVF       _LIGHTS_on, 0
0x0095	0x1D03      	BTFSS      STATUS, 2
0x0096	0x28D1      	GOTO       L_main26
;SeaTurtle.c,135 :: 		LIGHTS_on = 1;
0x0097	0x3001      	MOVLW      1
0x0098	0x00A8      	MOVWF      _LIGHTS_on
;SeaTurtle.c,136 :: 		TAIL_ON();
0x0099	0x1683      	BSF        STATUS, 5
0x009A	0x1205      	BCF        TRISIO4_bit, BitPos(TRISIO4_bit+0)
0x009B	0x1105      	BCF        TRISIO2_bit, BitPos(TRISIO2_bit+0)
;SeaTurtle.c,139 :: 		HEAD_ON();  // Primo flash
0x009C	0x1085      	BCF        TRISIO1_bit, BitPos(TRISIO1_bit+0)
0x009D	0x1005      	BCF        TRISIO0_bit, BitPos(TRISIO0_bit+0)
;SeaTurtle.c,140 :: 		Delay_ms(10);
0x009E	0x300D      	MOVLW      13
0x009F	0x00DC      	MOVWF      R12
0x00A0	0x30FB      	MOVLW      251
0x00A1	0x00DD      	MOVWF      R13
L_main27:
0x00A2	0x0BDD      	DECFSZ     R13, 1
0x00A3	0x28A2      	GOTO       L_main27
0x00A4	0x0BDC      	DECFSZ     R12, 1
0x00A5	0x28A2      	GOTO       L_main27
0x00A6	0x0000      	NOP
0x00A7	0x0000      	NOP
;SeaTurtle.c,141 :: 		while(XENON_pwm < PWM_FULL)
L_main28:
0x00A8	0x3010      	MOVLW      16
0x00A9	0x022A      	SUBWF      _XENON_pwm, 0
0x00AA	0x1803      	BTFSC      STATUS, 0
0x00AB	0x28D1      	GOTO       L_main29
;SeaTurtle.c,143 :: 		Delay_us(PWM_DELAY_US);
0x00AC	0x3042      	MOVLW      66
0x00AD	0x00DD      	MOVWF      R13
L_main30:
0x00AE	0x0BDD      	DECFSZ     R13, 1
0x00AF	0x28AE      	GOTO       L_main30
0x00B0	0x0000      	NOP
;SeaTurtle.c,145 :: 		if(++XENON_delay == XENON_HEAT)
0x00B1	0x0AA5      	INCF       _XENON_delay, 1
0x00B2	0x1903      	BTFSC      STATUS, 2
0x00B3	0x0AA6      	INCF       _XENON_delay+1, 1
0x00B4	0x0826      	MOVF       _XENON_delay+1, 0
0x00B5	0x3A02      	XORLW      2
0x00B6	0x1D03      	BTFSS      STATUS, 2
0x00B7	0x28BA      	GOTO       L__main42
0x00B8	0x3058      	MOVLW      88
0x00B9	0x0625      	XORWF      _XENON_delay, 0
L__main42:
0x00BA	0x1D03      	BTFSS      STATUS, 2
0x00BB	0x28BF      	GOTO       L_main31
;SeaTurtle.c,147 :: 		XENON_delay = 0;
0x00BC	0x01A5      	CLRF       _XENON_delay
0x00BD	0x01A6      	CLRF       _XENON_delay+1
;SeaTurtle.c,148 :: 		XENON_pwm++;
0x00BE	0x0AAA      	INCF       _XENON_pwm, 1
;SeaTurtle.c,149 :: 		}
L_main31:
;SeaTurtle.c,151 :: 		if(++PWM_i > PWM_CYCLE)
0x00BF	0x0AA1      	INCF       _PWM_i, 1
0x00C0	0x0821      	MOVF       _PWM_i, 0
0x00C1	0x3C10      	SUBLW      16
0x00C2	0x1803      	BTFSC      STATUS, 0
0x00C3	0x28C5      	GOTO       L_main32
;SeaTurtle.c,152 :: 		PWM_i = 0;
0x00C4	0x01A1      	CLRF       _PWM_i
L_main32:
;SeaTurtle.c,154 :: 		if(XENON_pwm > PWM_i)
0x00C5	0x082A      	MOVF       _XENON_pwm, 0
0x00C6	0x0221      	SUBWF      _PWM_i, 0
0x00C7	0x1803      	BTFSC      STATUS, 0
0x00C8	0x28CD      	GOTO       L_main33
;SeaTurtle.c,156 :: 		HEAD_ON();
0x00C9	0x1683      	BSF        STATUS, 5
0x00CA	0x1085      	BCF        TRISIO1_bit, BitPos(TRISIO1_bit+0)
0x00CB	0x1005      	BCF        TRISIO0_bit, BitPos(TRISIO0_bit+0)
;SeaTurtle.c,157 :: 		}
0x00CC	0x28D0      	GOTO       L_main34
L_main33:
0x00CD	0x1683      	BSF        STATUS, 5
;SeaTurtle.c,160 :: 		HEAD_OFF();
0x00CE	0x1485      	BSF        TRISIO1_bit, BitPos(TRISIO1_bit+0)
0x00CF	0x1405      	BSF        TRISIO0_bit, BitPos(TRISIO0_bit+0)
;SeaTurtle.c,161 :: 		}
L_main34:
;SeaTurtle.c,162 :: 		}
0x00D0	0x28A8      	GOTO       L_main28
L_main29:
;SeaTurtle.c,163 :: 		}
L_main26:
;SeaTurtle.c,164 :: 		break;
0x00D1	0x28DF      	GOTO       L_main24
;SeaTurtle.c,166 :: 		default:
L_main35:
0x00D2	0x1683      	BSF        STATUS, 5
;SeaTurtle.c,168 :: 		LIGHTS_on = 0;
0x00D3	0x01A8      	CLRF       _LIGHTS_on
;SeaTurtle.c,169 :: 		ALL_OFF();
0x00D4	0x1485      	BSF        TRISIO1_bit, BitPos(TRISIO1_bit+0)
0x00D5	0x1405      	BSF        TRISIO0_bit, BitPos(TRISIO0_bit+0)
0x00D6	0x1605      	BSF        TRISIO4_bit, BitPos(TRISIO4_bit+0)
0x00D7	0x1505      	BSF        TRISIO2_bit, BitPos(TRISIO2_bit+0)
;SeaTurtle.c,170 :: 		XENON_pwm = PWM_OFF;
0x00D8	0x01AA      	CLRF       _XENON_pwm
;SeaTurtle.c,171 :: 		}
0x00D9	0x28DF      	GOTO       L_main24
L_main23:
0x00DA	0x0829      	MOVF       _PPM_command, 0
0x00DB	0x3A01      	XORLW      1
0x00DC	0x1903      	BTFSC      STATUS, 2
0x00DD	0x2894      	GOTO       L_main25
0x00DE	0x28D2      	GOTO       L_main35
L_main24:
;SeaTurtle.c,173 :: 		PPM_updated = 0;
0x00DF	0x01A4      	CLRF       _PPM_updated
;SeaTurtle.c,174 :: 		}
L_main16:
;SeaTurtle.c,175 :: 		}
0x00E0	0x2879      	GOTO       L_main14
;SeaTurtle.c,176 :: 		}
L_end_main:
0x00E1	0x28E1      	GOTO       $+0
; end of _main
Symbol List:
//** Routines locations **
//ADDRESS    SIZE    PROCEDURE
//----------------------------------------------
0x0004      [39]    _interrupt
0x002B       [6]    _____DoICP
0x0031      [12]    ___CC2DW
0x003D      [20]    _syncPPM
0x0051     [145]    _main
//** Variables locations ** 
//ADDRESS    SIZE    VARIABLE
//----------------------------------------------
0x0000       [1]    INDF
0x0001       [1]    TMR0
0x0002       [1]    PCL
0x0003       [1]    STATUS
0x0004       [1]    FSR
0x0005       [0]    GP5_bit
0x0005       [1]    GPIO
0x0005       [0]    PPM
0x000A       [1]    PCLATH
0x000B       [0]    GPIE_bit
0x000B       [0]    GIE_bit
0x000B       [0]    GPIF_bit
0x0019       [1]    CMCON
0x0020       [1]    _PPM_level
0x0021       [1]    _PWM_i
0x0022       [1]    _PPM_start
0x0023       [1]    _PPM_value
0x0024       [1]    _PPM_updated
0x0025       [2]    _XENON_delay
0x0027       [1]    _PPM_antiglitch
0x0028       [1]    _LIGHTS_on
0x0029       [1]    _PPM_command
0x002A       [1]    _XENON_pwm
0x002B       [1]    _i
0x002C       [2]    ___DoICPAddr
0x002E       [1]    ___savePCLATH
0x002F       [1]    ___saveSTATUS
0x0030       [1]    FARG_syncPPM_frames
0x0050       [1]    R0
0x0051       [1]    R1
0x0052       [1]    R2
0x0053       [1]    R3
0x0054       [1]    R4
0x0055       [1]    R5
0x0056       [1]    R6
0x0057       [1]    R7
0x0058       [1]    R8
0x0059       [1]    R9
0x005A       [1]    R10
0x005B       [1]    R11
0x005C       [1]    R12
0x005D       [1]    R13
0x005E       [1]    R14
0x005F       [1]    R15
0x0081       [1]    OPTION_REG
0x0085       [0]    TRISIO4_bit
0x0085       [0]    TRISIO1_bit
0x0085       [0]    TRISIO5_bit
0x0085       [0]    TRISIO0_bit
0x0085       [0]    TRISIO2_bit
0x0085       [0]    HEAD1
0x0085       [0]    HEAD2
0x0085       [0]    TAIL2
0x0085       [0]    TAIL1
0x0090       [1]    OSCCAL
0x0095       [1]    WPU
0x0096       [1]    IOC
