;  LST file generated by mikroListExporter - v.2.0 
; Date/Time: 27/03/2016 17.57.11
;----------------------------------------------

;Address Opcode 	ASM
0x0000	0x28F4      	GOTO       244
_interrupt:
0x0004	0x00DF      	MOVWF      R15
0x0005	0x0E03      	SWAPF      STATUS, 0
0x0006	0x0183      	CLRF       STATUS
0x0007	0x00B5      	MOVWF      ___saveSTATUS
0x0008	0x080A      	MOVF       PCLATH, 0
0x0009	0x00B4      	MOVWF      ___savePCLATH
0x000A	0x018A      	CLRF       PCLATH
;SeaTurtle.c,52 :: 		void interrupt()
;SeaTurtle.c,54 :: 		if(GPIF_bit)
0x000B	0x1C0B      	BTFSS      GPIF_bit, BitPos(GPIF_bit+0)
0x000C	0x2824      	GOTO       L_interrupt0
;SeaTurtle.c,56 :: 		if(PPM && !PPM_level)
0x000D	0x1283      	BCF        STATUS, 5
0x000E	0x1E85      	BTFSS      GP5_bit, BitPos(GP5_bit+0)
0x000F	0x2818      	GOTO       L_interrupt3
0x0010	0x0820      	MOVF       _PPM_level, 0
0x0011	0x1D03      	BTFSS      STATUS, 2
0x0012	0x2818      	GOTO       L_interrupt3
L__interrupt97:
;SeaTurtle.c,58 :: 		PPM_start = TMR0;
0x0013	0x0801      	MOVF       TMR0, 0
0x0014	0x00A1      	MOVWF      _PPM_start
;SeaTurtle.c,59 :: 		PPM_level = 1;
0x0015	0x3001      	MOVLW      1
0x0016	0x00A0      	MOVWF      _PPM_level
;SeaTurtle.c,60 :: 		}
0x0017	0x2823      	GOTO       L_interrupt4
L_interrupt3:
;SeaTurtle.c,61 :: 		else if(!PPM && PPM_level)
0x0018	0x1A85      	BTFSC      GP5_bit, BitPos(GP5_bit+0)
0x0019	0x2823      	GOTO       L_interrupt7
0x001A	0x0820      	MOVF       _PPM_level, 0
0x001B	0x1903      	BTFSC      STATUS, 2
0x001C	0x2823      	GOTO       L_interrupt7
L__interrupt96:
;SeaTurtle.c,63 :: 		PPM_value = TMR0 - PPM_start;
0x001D	0x0821      	MOVF       _PPM_start, 0
0x001E	0x0201      	SUBWF      TMR0, 0
0x001F	0x00A3      	MOVWF      _PPM_value
;SeaTurtle.c,64 :: 		PPM_level = 0;
0x0020	0x01A0      	CLRF       _PPM_level
;SeaTurtle.c,65 :: 		PPM_updated = 1;
0x0021	0x3001      	MOVLW      1
0x0022	0x00A5      	MOVWF      _PPM_updated
;SeaTurtle.c,66 :: 		}
L_interrupt7:
L_interrupt4:
;SeaTurtle.c,68 :: 		GPIF_bit = 0;
0x0023	0x100B      	BCF        GPIF_bit, BitPos(GPIF_bit+0)
;SeaTurtle.c,69 :: 		}
L_interrupt0:
;SeaTurtle.c,70 :: 		}
L_end_interrupt:
L__interrupt103:
0x0024	0x0834      	MOVF       ___savePCLATH, 0
0x0025	0x008A      	MOVWF      PCLATH
0x0026	0x0E35      	SWAPF      ___saveSTATUS, 0
0x0027	0x0083      	MOVWF      STATUS
0x0028	0x0EDF      	SWAPF      R15, 1
0x0029	0x0E5F      	SWAPF      R15, 0
0x002A	0x0009      	RETFIE
; end of _interrupt
_____DoICP:
;__Lib_System.c,6 :: 		
;__Lib_System.c,9 :: 		
0x002B	0x1283      	BCF        STATUS, 5
0x002C	0x0837      	MOVF       ___DoICPAddr+1, 0
0x002D	0x008A      	MOVWF      PCLATH
;__Lib_System.c,10 :: 		
0x002E	0x0836      	MOVF       ___DoICPAddr, 0
0x002F	0x0082      	MOVWF      PCL
;__Lib_System.c,12 :: 		
L_end_____DoICP:
0x0030	0x0008      	RETURN
; end of _____DoICP
_EEPROM_Write:
;__Lib_EEPROM.c,16 :: 		
;__Lib_EEPROM.c,20 :: 		
L_EEPROM_Write0:
0x0031	0x1683      	BSF        STATUS, 5
0x0032	0x1C9C      	BTFSS      EECON1, 1
0x0033	0x2836      	GOTO       L_EEPROM_Write1
0x0034	0x0000      	NOP
0x0035	0x2831      	GOTO       L_EEPROM_Write0
L_EEPROM_Write1:
;__Lib_EEPROM.c,21 :: 		
0x0036	0x0839      	MOVF       FARG_EEPROM_Write_Address, 0
0x0037	0x009B      	MOVWF      EEADR
;__Lib_EEPROM.c,22 :: 		
0x0038	0x083A      	MOVF       FARG_EEPROM_Write_data_, 0
0x0039	0x009A      	MOVWF      EEDATA
;__Lib_EEPROM.c,23 :: 		
0x003A	0x139C      	BCF        EECON1, 7
;__Lib_EEPROM.c,24 :: 		
0x003B	0x151C      	BSF        EECON1, 2
;__Lib_EEPROM.c,26 :: 		
0x003C	0x080B      	MOVF       INTCON, 0
0x003D	0x00D0      	MOVWF      R0
;__Lib_EEPROM.c,29 :: 		
0x003E	0x138B      	BCF        INTCON, 7
;__Lib_EEPROM.c,30 :: 		
0x003F	0x3055      	MOVLW      85
0x0040	0x009D      	MOVWF      EECON2
;__Lib_EEPROM.c,31 :: 		
0x0041	0x30AA      	MOVLW      170
0x0042	0x009D      	MOVWF      EECON2
;__Lib_EEPROM.c,32 :: 		
0x0043	0x149C      	BSF        EECON1, 1
;__Lib_EEPROM.c,36 :: 		
0x0044	0x1BD0      	BTFSC      R0, 7
0x0045	0x2848      	GOTO       L__EEPROM_Write4
0x0046	0x138B      	BCF        INTCON, 7
0x0047	0x2849      	GOTO       L__EEPROM_Write5
L__EEPROM_Write4:
0x0048	0x178B      	BSF        INTCON, 7
L__EEPROM_Write5:
;__Lib_EEPROM.c,37 :: 		
0x0049	0x111C      	BCF        EECON1, 2
;__Lib_EEPROM.c,38 :: 		
L_end_EEPROM_Write:
0x004A	0x0008      	RETURN
; end of _EEPROM_Write
_syncPPM:
;SeaTurtle.c,72 :: 		void syncPPM(unsigned char frames)
;SeaTurtle.c,75 :: 		i = 0;
0x004B	0x1283      	BCF        STATUS, 5
0x004C	0x01B0      	CLRF       _i
;SeaTurtle.c,76 :: 		while(i < frames)
L_syncPPM8:
0x004D	0x0839      	MOVF       FARG_syncPPM_frames, 0
0x004E	0x0230      	SUBWF      _i, 0
0x004F	0x1803      	BTFSC      STATUS, 0
0x0050	0x285E      	GOTO       L_syncPPM9
;SeaTurtle.c,78 :: 		PPM_updated = 0;
0x0051	0x01A5      	CLRF       _PPM_updated
;SeaTurtle.c,79 :: 		while(!PPM_updated);
L_syncPPM10:
0x0052	0x0825      	MOVF       _PPM_updated, 0
0x0053	0x1D03      	BTFSS      STATUS, 2
0x0054	0x2856      	GOTO       L_syncPPM11
0x0055	0x2852      	GOTO       L_syncPPM10
L_syncPPM11:
;SeaTurtle.c,80 :: 		if(PPM_value > PPM_MIN_VALID)
0x0056	0x0823      	MOVF       _PPM_value, 0
0x0057	0x3C70      	SUBLW      112
0x0058	0x1803      	BTFSC      STATUS, 0
0x0059	0x285C      	GOTO       L_syncPPM12
;SeaTurtle.c,81 :: 		i++;
0x005A	0x0AB0      	INCF       _i, 1
0x005B	0x285D      	GOTO       L_syncPPM13
L_syncPPM12:
;SeaTurtle.c,83 :: 		i = 0;
0x005C	0x01B0      	CLRF       _i
L_syncPPM13:
;SeaTurtle.c,84 :: 		}
0x005D	0x284D      	GOTO       L_syncPPM8
L_syncPPM9:
;SeaTurtle.c,85 :: 		}
L_end_syncPPM:
0x005E	0x0008      	RETURN
; end of _syncPPM
___CC2DW:
;__Lib_System.c,134 :: 		
;__Lib_System.c,137 :: 		
_CC2D_Loop1:
;__Lib_System.c,139 :: 		
0x005F	0x202B      	CALL       _____DoICP
0x0060	0x118A      	BCF        PCLATH, 3
0x0061	0x120A      	BCF        PCLATH, 4
;__Lib_System.c,141 :: 		
0x0062	0x0080      	MOVWF      INDF
;__Lib_System.c,142 :: 		
0x0063	0x0A84      	INCF       FSR, 1
;__Lib_System.c,143 :: 		
0x0064	0x0AB6      	INCF       ___DoICPAddr, 1
;__Lib_System.c,145 :: 		
0x0065	0x1903      	BTFSC      STATUS, 2
;__Lib_System.c,146 :: 		
0x0066	0x0AB7      	INCF       ___DoICPAddr+1, 1
;__Lib_System.c,147 :: 		
0x0067	0x03D0      	DECF       R0, 1
;__Lib_System.c,149 :: 		
0x0068	0x1D03      	BTFSS      STATUS, 2
;__Lib_System.c,150 :: 		
0x0069	0x285F      	GOTO       _CC2D_Loop1
;__Lib_System.c,152 :: 		
L_end___CC2DW:
0x006A	0x0008      	RETURN
; end of ___CC2DW
_EEPROM_Read:
;__Lib_EEPROM.c,4 :: 		
;__Lib_EEPROM.c,5 :: 		
0x006B	0x1283      	BCF        STATUS, 5
0x006C	0x0838      	MOVF       FARG_EEPROM_Read_Address, 0
0x006D	0x1683      	BSF        STATUS, 5
0x006E	0x009B      	MOVWF      EEADR
;__Lib_EEPROM.c,6 :: 		
0x006F	0x139C      	BCF        EECON1, 7
;__Lib_EEPROM.c,12 :: 		
0x0070	0x141C      	BSF        EECON1, 0
;__Lib_EEPROM.c,13 :: 		
0x0071	0x081A      	MOVF       EEDATA, 0
0x0072	0x00D0      	MOVWF      R0
;__Lib_EEPROM.c,14 :: 		
L_end_EEPROM_Read:
0x0073	0x0008      	RETURN
; end of _EEPROM_Read
_hardwareTest:
;SeaTurtle.c,87 :: 		void hardwareTest()
;SeaTurtle.c,89 :: 		while(1)
L_hardwareTest14:
;SeaTurtle.c,91 :: 		PPM_updated = 0;
0x0074	0x1283      	BCF        STATUS, 5
0x0075	0x01A5      	CLRF       _PPM_updated
;SeaTurtle.c,92 :: 		while(!PPM_updated);
L_hardwareTest16:
0x0076	0x0825      	MOVF       _PPM_updated, 0
0x0077	0x1D03      	BTFSS      STATUS, 2
0x0078	0x287A      	GOTO       L_hardwareTest17
0x0079	0x2876      	GOTO       L_hardwareTest16
L_hardwareTest17:
;SeaTurtle.c,94 :: 		if(PPM_value < PPM_1250_US)
0x007A	0x309C      	MOVLW      156
0x007B	0x0223      	SUBWF      _PPM_value, 0
0x007C	0x1803      	BTFSC      STATUS, 0
0x007D	0x2884      	GOTO       L_hardwareTest18
;SeaTurtle.c,96 :: 		HEAD = 0;
0x007E	0x1683      	BSF        STATUS, 5
0x007F	0x1005      	BCF        TRISIO0_bit, BitPos(TRISIO0_bit+0)
;SeaTurtle.c,97 :: 		TAIL = 1;
0x0080	0x1485      	BSF        TRISIO1_bit, BitPos(TRISIO1_bit+0)
;SeaTurtle.c,98 :: 		REV = 1;
0x0081	0x1505      	BSF        TRISIO2_bit, BitPos(TRISIO2_bit+0)
;SeaTurtle.c,99 :: 		EXH = 1;
0x0082	0x1605      	BSF        TRISIO4_bit, BitPos(TRISIO4_bit+0)
;SeaTurtle.c,100 :: 		}
0x0083	0x289D      	GOTO       L_hardwareTest19
L_hardwareTest18:
;SeaTurtle.c,101 :: 		else if(PPM_value < PPM_1500_US)
0x0084	0x30BC      	MOVLW      188
0x0085	0x0223      	SUBWF      _PPM_value, 0
0x0086	0x1803      	BTFSC      STATUS, 0
0x0087	0x288E      	GOTO       L_hardwareTest20
;SeaTurtle.c,103 :: 		HEAD = 1;
0x0088	0x1683      	BSF        STATUS, 5
0x0089	0x1405      	BSF        TRISIO0_bit, BitPos(TRISIO0_bit+0)
;SeaTurtle.c,104 :: 		TAIL = 0;
0x008A	0x1085      	BCF        TRISIO1_bit, BitPos(TRISIO1_bit+0)
;SeaTurtle.c,105 :: 		REV = 1;
0x008B	0x1505      	BSF        TRISIO2_bit, BitPos(TRISIO2_bit+0)
;SeaTurtle.c,106 :: 		EXH = 1;
0x008C	0x1605      	BSF        TRISIO4_bit, BitPos(TRISIO4_bit+0)
;SeaTurtle.c,107 :: 		}
0x008D	0x289D      	GOTO       L_hardwareTest21
L_hardwareTest20:
;SeaTurtle.c,108 :: 		else if(PPM_value < PPM_1750_US)
0x008E	0x30DB      	MOVLW      219
0x008F	0x0223      	SUBWF      _PPM_value, 0
0x0090	0x1803      	BTFSC      STATUS, 0
0x0091	0x2898      	GOTO       L_hardwareTest22
;SeaTurtle.c,110 :: 		HEAD = 1;
0x0092	0x1683      	BSF        STATUS, 5
0x0093	0x1405      	BSF        TRISIO0_bit, BitPos(TRISIO0_bit+0)
;SeaTurtle.c,111 :: 		TAIL = 1;
0x0094	0x1485      	BSF        TRISIO1_bit, BitPos(TRISIO1_bit+0)
;SeaTurtle.c,112 :: 		REV = 0;
0x0095	0x1105      	BCF        TRISIO2_bit, BitPos(TRISIO2_bit+0)
;SeaTurtle.c,113 :: 		EXH = 1;
0x0096	0x1605      	BSF        TRISIO4_bit, BitPos(TRISIO4_bit+0)
;SeaTurtle.c,114 :: 		}
0x0097	0x289D      	GOTO       L_hardwareTest23
L_hardwareTest22:
0x0098	0x1683      	BSF        STATUS, 5
;SeaTurtle.c,117 :: 		HEAD = 1;
0x0099	0x1405      	BSF        TRISIO0_bit, BitPos(TRISIO0_bit+0)
;SeaTurtle.c,118 :: 		TAIL = 1;
0x009A	0x1485      	BSF        TRISIO1_bit, BitPos(TRISIO1_bit+0)
;SeaTurtle.c,119 :: 		REV = 1;
0x009B	0x1505      	BSF        TRISIO2_bit, BitPos(TRISIO2_bit+0)
;SeaTurtle.c,120 :: 		EXH = 0;
0x009C	0x1205      	BCF        TRISIO4_bit, BitPos(TRISIO4_bit+0)
;SeaTurtle.c,121 :: 		}
L_hardwareTest23:
L_hardwareTest21:
L_hardwareTest19:
;SeaTurtle.c,122 :: 		}
0x009D	0x2874      	GOTO       L_hardwareTest14
;SeaTurtle.c,123 :: 		}
L_end_hardwareTest:
0x009E	0x0008      	RETURN
; end of _hardwareTest
_userSetup:
;SeaTurtle.c,125 :: 		void userSetup()
;SeaTurtle.c,128 :: 		ALL_ON();
0x009F	0x1683      	BSF        STATUS, 5
0x00A0	0x1005      	BCF        TRISIO0_bit, BitPos(TRISIO0_bit+0)
0x00A1	0x1085      	BCF        TRISIO1_bit, BitPos(TRISIO1_bit+0)
0x00A2	0x1105      	BCF        TRISIO2_bit, BitPos(TRISIO2_bit+0)
0x00A3	0x1205      	BCF        TRISIO4_bit, BitPos(TRISIO4_bit+0)
;SeaTurtle.c,131 :: 		i = 0;
0x00A4	0x01B0      	CLRF       _i
;SeaTurtle.c,132 :: 		if(PPM_value > PPM_1500_US)
0x00A5	0x0823      	MOVF       _PPM_value, 0
0x00A6	0x3CBC      	SUBLW      188
0x00A7	0x1803      	BTFSC      STATUS, 0
0x00A8	0x28BE      	GOTO       L_userSetup24
;SeaTurtle.c,134 :: 		PPM_reverse = 0;
0x00A9	0x01A6      	CLRF       _PPM_reverse
;SeaTurtle.c,135 :: 		while(i < PROGRAM_PPM_FRAMES)
L_userSetup25:
0x00AA	0x3096      	MOVLW      150
0x00AB	0x0230      	SUBWF      _i, 0
0x00AC	0x1803      	BTFSC      STATUS, 0
0x00AD	0x28BD      	GOTO       L_userSetup26
;SeaTurtle.c,137 :: 		PPM_updated = 0;
0x00AE	0x01A5      	CLRF       _PPM_updated
;SeaTurtle.c,138 :: 		while(!PPM_updated);
L_userSetup27:
0x00AF	0x0825      	MOVF       _PPM_updated, 0
0x00B0	0x1D03      	BTFSS      STATUS, 2
0x00B1	0x28B3      	GOTO       L_userSetup28
0x00B2	0x28AF      	GOTO       L_userSetup27
L_userSetup28:
;SeaTurtle.c,140 :: 		if(PPM_value > PPM_full)
0x00B3	0x0823      	MOVF       _PPM_value, 0
0x00B4	0x0224      	SUBWF      _PPM_full, 0
0x00B5	0x1803      	BTFSC      STATUS, 0
0x00B6	0x28BB      	GOTO       L_userSetup29
;SeaTurtle.c,142 :: 		PPM_full = PPM_value;
0x00B7	0x0823      	MOVF       _PPM_value, 0
0x00B8	0x00A4      	MOVWF      _PPM_full
;SeaTurtle.c,143 :: 		i = 0;
0x00B9	0x01B0      	CLRF       _i
;SeaTurtle.c,144 :: 		}
0x00BA	0x28BC      	GOTO       L_userSetup30
L_userSetup29:
;SeaTurtle.c,146 :: 		i++;
0x00BB	0x0AB0      	INCF       _i, 1
L_userSetup30:
;SeaTurtle.c,147 :: 		}
0x00BC	0x28AA      	GOTO       L_userSetup25
L_userSetup26:
;SeaTurtle.c,148 :: 		}
0x00BD	0x28D3      	GOTO       L_userSetup31
L_userSetup24:
;SeaTurtle.c,151 :: 		PPM_reverse = 1;
0x00BE	0x3001      	MOVLW      1
0x00BF	0x00A6      	MOVWF      _PPM_reverse
;SeaTurtle.c,152 :: 		while(i < PROGRAM_PPM_FRAMES)
L_userSetup32:
0x00C0	0x3096      	MOVLW      150
0x00C1	0x0230      	SUBWF      _i, 0
0x00C2	0x1803      	BTFSC      STATUS, 0
0x00C3	0x28D3      	GOTO       L_userSetup33
;SeaTurtle.c,154 :: 		PPM_updated = 0;
0x00C4	0x01A5      	CLRF       _PPM_updated
;SeaTurtle.c,155 :: 		while(!PPM_updated);
L_userSetup34:
0x00C5	0x0825      	MOVF       _PPM_updated, 0
0x00C6	0x1D03      	BTFSS      STATUS, 2
0x00C7	0x28C9      	GOTO       L_userSetup35
0x00C8	0x28C5      	GOTO       L_userSetup34
L_userSetup35:
;SeaTurtle.c,157 :: 		if(PPM_value < PPM_full)
0x00C9	0x0824      	MOVF       _PPM_full, 0
0x00CA	0x0223      	SUBWF      _PPM_value, 0
0x00CB	0x1803      	BTFSC      STATUS, 0
0x00CC	0x28D1      	GOTO       L_userSetup36
;SeaTurtle.c,159 :: 		PPM_full = PPM_value;
0x00CD	0x0823      	MOVF       _PPM_value, 0
0x00CE	0x00A4      	MOVWF      _PPM_full
;SeaTurtle.c,160 :: 		i = 0;
0x00CF	0x01B0      	CLRF       _i
;SeaTurtle.c,161 :: 		}
0x00D0	0x28D2      	GOTO       L_userSetup37
L_userSetup36:
;SeaTurtle.c,163 :: 		i++;
0x00D1	0x0AB0      	INCF       _i, 1
L_userSetup37:
;SeaTurtle.c,164 :: 		}
0x00D2	0x28C0      	GOTO       L_userSetup32
L_userSetup33:
;SeaTurtle.c,165 :: 		}
L_userSetup31:
;SeaTurtle.c,168 :: 		EEPROM_Write(EEPROM_PPMFULL, PPM_full);
0x00D3	0x3002      	MOVLW      2
0x00D4	0x00B9      	MOVWF      FARG_EEPROM_Write_Address
0x00D5	0x0824      	MOVF       _PPM_full, 0
0x00D6	0x00BA      	MOVWF      FARG_EEPROM_Write_data_
0x00D7	0x2031      	CALL       _EEPROM_Write
;SeaTurtle.c,170 :: 		ALL_OFF();
0x00D8	0x1405      	BSF        TRISIO0_bit, BitPos(TRISIO0_bit+0)
0x00D9	0x1485      	BSF        TRISIO1_bit, BitPos(TRISIO1_bit+0)
0x00DA	0x1505      	BSF        TRISIO2_bit, BitPos(TRISIO2_bit+0)
0x00DB	0x1605      	BSF        TRISIO4_bit, BitPos(TRISIO4_bit+0)
;SeaTurtle.c,173 :: 		while(PPM_value > PPM_1600_US || PPM_value < PPM_1400_US);
L_userSetup38:
0x00DC	0x0823      	MOVF       _PPM_value, 0
0x00DD	0x3CC8      	SUBLW      200
0x00DE	0x1C03      	BTFSS      STATUS, 0
0x00DF	0x28E5      	GOTO       L__userSetup98
0x00E0	0x30AF      	MOVLW      175
0x00E1	0x0223      	SUBWF      _PPM_value, 0
0x00E2	0x1C03      	BTFSS      STATUS, 0
0x00E3	0x28E5      	GOTO       L__userSetup98
0x00E4	0x28E6      	GOTO       L_userSetup39
L__userSetup98:
0x00E5	0x28DC      	GOTO       L_userSetup38
L_userSetup39:
;SeaTurtle.c,176 :: 		syncPPM(PROGRAM_PPM_FRAMES);
0x00E6	0x3096      	MOVLW      150
0x00E7	0x00B9      	MOVWF      FARG_syncPPM_frames
0x00E8	0x204B      	CALL       _syncPPM
;SeaTurtle.c,177 :: 		PPM_neutral = PPM_value;
0x00E9	0x0823      	MOVF       _PPM_value, 0
0x00EA	0x00A2      	MOVWF      _PPM_neutral
;SeaTurtle.c,178 :: 		EEPROM_Write(EEPROM_PPMNEUTRAL, PPM_neutral);
0x00EB	0x3001      	MOVLW      1
0x00EC	0x00B9      	MOVWF      FARG_EEPROM_Write_Address
0x00ED	0x0823      	MOVF       _PPM_value, 0
0x00EE	0x00BA      	MOVWF      FARG_EEPROM_Write_data_
0x00EF	0x2031      	CALL       _EEPROM_Write
;SeaTurtle.c,179 :: 		EEPROM_Write(EEPROM_TESTED, 0);
0x00F0	0x01B9      	CLRF       FARG_EEPROM_Write_Address
0x00F1	0x01BA      	CLRF       FARG_EEPROM_Write_data_
0x00F2	0x2031      	CALL       _EEPROM_Write
;SeaTurtle.c,180 :: 		}
L_end_userSetup:
0x00F3	0x0008      	RETURN
; end of _userSetup
_main:
0x00F4	0x1283      	BCF        STATUS, 5
0x00F5	0x01A0      	CLRF       _PPM_level
0x00F6	0x01A1      	CLRF       _PPM_start
0x00F7	0x01A2      	CLRF       _PPM_neutral
0x00F8	0x30BC      	MOVLW      188
0x00F9	0x00A3      	MOVWF      _PPM_value
0x00FA	0x30BC      	MOVLW      188
0x00FB	0x00A4      	MOVWF      _PPM_full
0x00FC	0x01A5      	CLRF       _PPM_updated
0x00FD	0x01A6      	CLRF       _PPM_reverse
0x00FE	0x01A7      	CLRF       _EXH_bit
0x00FF	0x01A8      	CLRF       _EXH_sequence
0x0100	0x01A9      	CLRF       _EXH_heat
0x0101	0x01AA      	CLRF       _PWM_i
0x0102	0x01AB      	CLRF       _EXH_delay
0x0103	0x01AC      	CLRF       _PPM_command
0x0104	0x01AD      	CLRF       _REV_status
0x0105	0x01AE      	CLRF       _PPM_antiglitch
0x0106	0x01AF      	CLRF       _TAIL_pwm
;SeaTurtle.c,182 :: 		void main() {
;SeaTurtle.c,186 :: 		bsf STATUS, RP0
0x0107	0x1683      	BSF        STATUS, 5
;SeaTurtle.c,187 :: 		call 0x03ff
0x0108	0x23FF      	CALL       1023
;SeaTurtle.c,188 :: 		movwf OSCCAL
0x0109	0x0090      	MOVWF      OSCCAL
;SeaTurtle.c,189 :: 		bcf STATUS, RP0
0x010A	0x1283      	BCF        STATUS, 5
;SeaTurtle.c,192 :: 		CMCON = 0b00010111;         // Comparatori OFF
0x010B	0x3017      	MOVLW      23
0x010C	0x0099      	MOVWF      CMCON
;SeaTurtle.c,193 :: 		OPTION_REG = 0b00000010;    // TMR0 con prescaler 1/8 (ciclo 2,048 msec), pull-up abilitati
0x010D	0x3002      	MOVLW      2
0x010E	0x1683      	BSF        STATUS, 5
0x010F	0x0081      	MOVWF      OPTION_REG
;SeaTurtle.c,195 :: 		GIE_bit = 1;                // Interrupt generale abilitato
0x0110	0x178B      	BSF        GIE_bit, BitPos(GIE_bit+0)
;SeaTurtle.c,196 :: 		GPIE_bit = 1;               // Interrupt-On-Change abilitato
0x0111	0x158B      	BSF        GPIE_bit, BitPos(GPIE_bit+0)
;SeaTurtle.c,197 :: 		IOC = 0b00100000;           // IOC abilitato su GP5 (PPM)
0x0112	0x3020      	MOVLW      32
0x0113	0x0096      	MOVWF      IOC
;SeaTurtle.c,198 :: 		WPU = 0b00100000;           // Weak pull-up abilitato solo su GP5 (PPM)
0x0114	0x3020      	MOVLW      32
0x0115	0x0095      	MOVWF      WPU
;SeaTurtle.c,200 :: 		TRISIO5_bit = 1;
0x0116	0x1685      	BSF        TRISIO5_bit, BitPos(TRISIO5_bit+0)
;SeaTurtle.c,202 :: 		ALL_OFF();
0x0117	0x1405      	BSF        TRISIO0_bit, BitPos(TRISIO0_bit+0)
0x0118	0x1485      	BSF        TRISIO1_bit, BitPos(TRISIO1_bit+0)
0x0119	0x1505      	BSF        TRISIO2_bit, BitPos(TRISIO2_bit+0)
0x011A	0x1605      	BSF        TRISIO4_bit, BitPos(TRISIO4_bit+0)
;SeaTurtle.c,203 :: 		GPIO = 0xFF;        // Tutti i buffer di uscita accesi
0x011B	0x30FF      	MOVLW      255
0x011C	0x1283      	BCF        STATUS, 5
0x011D	0x0085      	MOVWF      GPIO
;SeaTurtle.c,206 :: 		syncPPM(STARTUP_PPM_FRAMES);
0x011E	0x3064      	MOVLW      100
0x011F	0x00B9      	MOVWF      FARG_syncPPM_frames
0x0120	0x204B      	CALL       _syncPPM
;SeaTurtle.c,209 :: 		if(PPM_value < PPM_1400_US || PPM_value > PPM_1600_US)
0x0121	0x30AF      	MOVLW      175
0x0122	0x0223      	SUBWF      _PPM_value, 0
0x0123	0x1C03      	BTFSS      STATUS, 0
0x0124	0x292A      	GOTO       L__main101
0x0125	0x0823      	MOVF       _PPM_value, 0
0x0126	0x3CC8      	SUBLW      200
0x0127	0x1C03      	BTFSS      STATUS, 0
0x0128	0x292A      	GOTO       L__main101
0x0129	0x292B      	GOTO       L_main44
L__main101:
;SeaTurtle.c,210 :: 		userSetup();
0x012A	0x209F      	CALL       _userSetup
L_main44:
;SeaTurtle.c,212 :: 		Delay_ms(500);
0x012B	0x3003      	MOVLW      3
0x012C	0x00DB      	MOVWF      R11
0x012D	0x308A      	MOVLW      138
0x012E	0x00DC      	MOVWF      R12
0x012F	0x3055      	MOVLW      85
0x0130	0x00DD      	MOVWF      R13
L_main45:
0x0131	0x0BDD      	DECFSZ     R13, 1
0x0132	0x2931      	GOTO       L_main45
0x0133	0x0BDC      	DECFSZ     R12, 1
0x0134	0x2931      	GOTO       L_main45
0x0135	0x0BDB      	DECFSZ     R11, 1
0x0136	0x2931      	GOTO       L_main45
0x0137	0x0000      	NOP
0x0138	0x0000      	NOP
;SeaTurtle.c,215 :: 		if(EEPROM_Read(EEPROM_TESTED) == 0xFF)
0x0139	0x01B8      	CLRF       FARG_EEPROM_Read_Address
0x013A	0x206B      	CALL       _EEPROM_Read
0x013B	0x0850      	MOVF       R0, 0
0x013C	0x3AFF      	XORLW      255
0x013D	0x1D03      	BTFSS      STATUS, 2
0x013E	0x2940      	GOTO       L_main46
;SeaTurtle.c,216 :: 		hardwareTest();
0x013F	0x2074      	CALL       _hardwareTest
L_main46:
;SeaTurtle.c,219 :: 		PPM_neutral = EEPROM_Read(EEPROM_PPMNEUTRAL);
0x0140	0x3001      	MOVLW      1
0x0141	0x00B8      	MOVWF      FARG_EEPROM_Read_Address
0x0142	0x206B      	CALL       _EEPROM_Read
0x0143	0x0850      	MOVF       R0, 0
0x0144	0x00A2      	MOVWF      _PPM_neutral
;SeaTurtle.c,220 :: 		PPM_minzero = PPM_neutral - NEUTRAL_RANGE;
0x0145	0x3002      	MOVLW      2
0x0146	0x0250      	SUBWF      R0, 0
0x0147	0x00B1      	MOVWF      _PPM_minzero
;SeaTurtle.c,221 :: 		PPM_maxzero = PPM_neutral + NEUTRAL_RANGE;
0x0148	0x3002      	MOVLW      2
0x0149	0x0750      	ADDWF      R0, 0
0x014A	0x00B3      	MOVWF      _PPM_maxzero
;SeaTurtle.c,222 :: 		PPM_full = EEPROM_Read(EEPROM_PPMFULL);
0x014B	0x3002      	MOVLW      2
0x014C	0x00B8      	MOVWF      FARG_EEPROM_Read_Address
0x014D	0x206B      	CALL       _EEPROM_Read
0x014E	0x0850      	MOVF       R0, 0
0x014F	0x00A4      	MOVWF      _PPM_full
;SeaTurtle.c,223 :: 		if(PPM_full < PPM_neutral)
0x0150	0x0822      	MOVF       _PPM_neutral, 0
0x0151	0x0250      	SUBWF      R0, 0
0x0152	0x1803      	BTFSC      STATUS, 0
0x0153	0x2969      	GOTO       L_main47
;SeaTurtle.c,225 :: 		PPM_reverse = 1;
0x0154	0x3001      	MOVLW      1
0x0155	0x00A6      	MOVWF      _PPM_reverse
;SeaTurtle.c,226 :: 		EXH_threshold = PPM_neutral - ((PPM_neutral - PPM_full) / 2);
0x0156	0x0824      	MOVF       _PPM_full, 0
0x0157	0x0222      	SUBWF      _PPM_neutral, 0
0x0158	0x00D3      	MOVWF      R3
0x0159	0x01D4      	CLRF       R3+1
0x015A	0x1C03      	BTFSS      STATUS, 0
0x015B	0x03D4      	DECF       R3+1, 1
0x015C	0x0853      	MOVF       R3, 0
0x015D	0x00D0      	MOVWF      R0
0x015E	0x0854      	MOVF       R3+1, 0
0x015F	0x00D1      	MOVWF      R0+1
0x0160	0x0CD1      	RRF        R0+1, 1
0x0161	0x0CD0      	RRF        R0, 1
0x0162	0x13D1      	BCF        R0+1, 7
0x0163	0x1B51      	BTFSC      R0+1, 6
0x0164	0x17D1      	BSF        R0+1, 7
0x0165	0x0850      	MOVF       R0, 0
0x0166	0x0222      	SUBWF      _PPM_neutral, 0
0x0167	0x00B2      	MOVWF      _EXH_threshold
;SeaTurtle.c,227 :: 		}
0x0168	0x297B      	GOTO       L_main48
L_main47:
;SeaTurtle.c,229 :: 		EXH_threshold = PPM_neutral + ((PPM_full - PPM_neutral) / 2);
0x0169	0x0822      	MOVF       _PPM_neutral, 0
0x016A	0x0224      	SUBWF      _PPM_full, 0
0x016B	0x00D3      	MOVWF      R3
0x016C	0x01D4      	CLRF       R3+1
0x016D	0x1C03      	BTFSS      STATUS, 0
0x016E	0x03D4      	DECF       R3+1, 1
0x016F	0x0853      	MOVF       R3, 0
0x0170	0x00D0      	MOVWF      R0
0x0171	0x0854      	MOVF       R3+1, 0
0x0172	0x00D1      	MOVWF      R0+1
0x0173	0x0CD1      	RRF        R0+1, 1
0x0174	0x0CD0      	RRF        R0, 1
0x0175	0x13D1      	BCF        R0+1, 7
0x0176	0x1B51      	BTFSC      R0+1, 6
0x0177	0x17D1      	BSF        R0+1, 7
0x0178	0x0850      	MOVF       R0, 0
0x0179	0x0722      	ADDWF      _PPM_neutral, 0
0x017A	0x00B2      	MOVWF      _EXH_threshold
L_main48:
;SeaTurtle.c,232 :: 		PPM_command = CMD_IDLE;
0x017B	0x01AC      	CLRF       _PPM_command
;SeaTurtle.c,235 :: 		TAIL_pwm = PWM_DIM;
0x017C	0x3004      	MOVLW      4
0x017D	0x00AF      	MOVWF      _TAIL_pwm
;SeaTurtle.c,236 :: 		HEAD = 0;
0x017E	0x1005      	BCF        TRISIO0_bit, BitPos(TRISIO0_bit+0)
;SeaTurtle.c,239 :: 		while(1)
L_main49:
;SeaTurtle.c,241 :: 		if(PPM_updated)
0x017F	0x0825      	MOVF       _PPM_updated, 0
0x0180	0x1903      	BTFSC      STATUS, 2
0x0181	0x2A33      	GOTO       L_main51
;SeaTurtle.c,244 :: 		if(PPM_value > PPM_maxzero)
0x0182	0x0823      	MOVF       _PPM_value, 0
0x0183	0x0233      	SUBWF      _PPM_maxzero, 0
0x0184	0x1803      	BTFSC      STATUS, 0
0x0185	0x2996      	GOTO       L_main52
;SeaTurtle.c,246 :: 		if(PPM_antiglitch < ANTIGLITCH_ZERO + ANTIGLITCH_COUNT)
0x0186	0x3085      	MOVLW      133
0x0187	0x022E      	SUBWF      _PPM_antiglitch, 0
0x0188	0x1803      	BTFSC      STATUS, 0
0x0189	0x298D      	GOTO       L_main53
;SeaTurtle.c,248 :: 		PPM_antiglitch++;
0x018A	0x0AAE      	INCF       _PPM_antiglitch, 1
;SeaTurtle.c,249 :: 		PPM_command = CMD_IDLE;
0x018B	0x01AC      	CLRF       _PPM_command
;SeaTurtle.c,250 :: 		}
0x018C	0x2995      	GOTO       L_main54
L_main53:
;SeaTurtle.c,253 :: 		if(PPM_reverse)
0x018D	0x0826      	MOVF       _PPM_reverse, 0
0x018E	0x1903      	BTFSC      STATUS, 2
0x018F	0x2993      	GOTO       L_main55
;SeaTurtle.c,254 :: 		PPM_command = CMD_BRAKE;
0x0190	0x3002      	MOVLW      2
0x0191	0x00AC      	MOVWF      _PPM_command
0x0192	0x2995      	GOTO       L_main56
L_main55:
;SeaTurtle.c,256 :: 		PPM_command = CMD_FORWARD;
0x0193	0x3001      	MOVLW      1
0x0194	0x00AC      	MOVWF      _PPM_command
L_main56:
;SeaTurtle.c,257 :: 		}
L_main54:
;SeaTurtle.c,258 :: 		}
0x0195	0x29AD      	GOTO       L_main57
L_main52:
;SeaTurtle.c,259 :: 		else if(PPM_value < PPM_minzero)
0x0196	0x0831      	MOVF       _PPM_minzero, 0
0x0197	0x0223      	SUBWF      _PPM_value, 0
0x0198	0x1803      	BTFSC      STATUS, 0
0x0199	0x29AA      	GOTO       L_main58
;SeaTurtle.c,261 :: 		if(PPM_antiglitch > ANTIGLITCH_ZERO - ANTIGLITCH_COUNT)
0x019A	0x082E      	MOVF       _PPM_antiglitch, 0
0x019B	0x3C7B      	SUBLW      123
0x019C	0x1803      	BTFSC      STATUS, 0
0x019D	0x29A1      	GOTO       L_main59
;SeaTurtle.c,263 :: 		PPM_antiglitch--;
0x019E	0x03AE      	DECF       _PPM_antiglitch, 1
;SeaTurtle.c,264 :: 		PPM_command = CMD_IDLE;
0x019F	0x01AC      	CLRF       _PPM_command
;SeaTurtle.c,265 :: 		}
0x01A0	0x29A9      	GOTO       L_main60
L_main59:
;SeaTurtle.c,268 :: 		if(PPM_reverse)
0x01A1	0x0826      	MOVF       _PPM_reverse, 0
0x01A2	0x1903      	BTFSC      STATUS, 2
0x01A3	0x29A7      	GOTO       L_main61
;SeaTurtle.c,269 :: 		PPM_command = CMD_FORWARD;
0x01A4	0x3001      	MOVLW      1
0x01A5	0x00AC      	MOVWF      _PPM_command
0x01A6	0x29A9      	GOTO       L_main62
L_main61:
;SeaTurtle.c,271 :: 		PPM_command = CMD_BRAKE;
0x01A7	0x3002      	MOVLW      2
0x01A8	0x00AC      	MOVWF      _PPM_command
L_main62:
;SeaTurtle.c,272 :: 		}
L_main60:
;SeaTurtle.c,273 :: 		}
0x01A9	0x29AD      	GOTO       L_main63
L_main58:
;SeaTurtle.c,276 :: 		PPM_antiglitch = ANTIGLITCH_ZERO;
0x01AA	0x3080      	MOVLW      128
0x01AB	0x00AE      	MOVWF      _PPM_antiglitch
;SeaTurtle.c,277 :: 		PPM_command = CMD_IDLE;
0x01AC	0x01AC      	CLRF       _PPM_command
;SeaTurtle.c,278 :: 		}
L_main63:
L_main57:
;SeaTurtle.c,281 :: 		switch(PPM_command)
0x01AD	0x2A29      	GOTO       L_main64
;SeaTurtle.c,283 :: 		case CMD_FORWARD:
L_main66:
0x01AE	0x1683      	BSF        STATUS, 5
;SeaTurtle.c,285 :: 		TAIL_pwm = PWM_DIM;
0x01AF	0x3004      	MOVLW      4
0x01B0	0x00AF      	MOVWF      _TAIL_pwm
;SeaTurtle.c,287 :: 		REV = 1;
0x01B1	0x1505      	BSF        TRISIO2_bit, BitPos(TRISIO2_bit+0)
;SeaTurtle.c,288 :: 		REV_status = REV_OFF;
0x01B2	0x01AD      	CLRF       _REV_status
;SeaTurtle.c,290 :: 		if(PPM_reverse)
0x01B3	0x0826      	MOVF       _PPM_reverse, 0
0x01B4	0x1903      	BTFSC      STATUS, 2
0x01B5	0x29C5      	GOTO       L_main67
;SeaTurtle.c,292 :: 		if(PPM_value < EXH_threshold && EXH_heat < EXH_MAX_TEMP)
0x01B6	0x0832      	MOVF       _EXH_threshold, 0
0x01B7	0x0223      	SUBWF      _PPM_value, 0
0x01B8	0x1803      	BTFSC      STATUS, 0
0x01B9	0x29C0      	GOTO       L_main70
0x01BA	0x3064      	MOVLW      100
0x01BB	0x0229      	SUBWF      _EXH_heat, 0
0x01BC	0x1803      	BTFSC      STATUS, 0
0x01BD	0x29C0      	GOTO       L_main70
L__main100:
;SeaTurtle.c,293 :: 		EXH_heat++;
0x01BE	0x0AA9      	INCF       _EXH_heat, 1
0x01BF	0x29C4      	GOTO       L_main71
L_main70:
;SeaTurtle.c,294 :: 		else if(EXH_heat)
0x01C0	0x0829      	MOVF       _EXH_heat, 0
0x01C1	0x1903      	BTFSC      STATUS, 2
0x01C2	0x29C4      	GOTO       L_main72
;SeaTurtle.c,295 :: 		EXH_heat--;
0x01C3	0x03A9      	DECF       _EXH_heat, 1
L_main72:
L_main71:
;SeaTurtle.c,296 :: 		}
0x01C4	0x29D3      	GOTO       L_main73
L_main67:
;SeaTurtle.c,299 :: 		if(PPM_value > EXH_threshold && EXH_heat < EXH_MAX_TEMP)
0x01C5	0x0823      	MOVF       _PPM_value, 0
0x01C6	0x0232      	SUBWF      _EXH_threshold, 0
0x01C7	0x1803      	BTFSC      STATUS, 0
0x01C8	0x29CF      	GOTO       L_main76
0x01C9	0x3064      	MOVLW      100
0x01CA	0x0229      	SUBWF      _EXH_heat, 0
0x01CB	0x1803      	BTFSC      STATUS, 0
0x01CC	0x29CF      	GOTO       L_main76
L__main99:
;SeaTurtle.c,300 :: 		EXH_heat++;
0x01CD	0x0AA9      	INCF       _EXH_heat, 1
0x01CE	0x29D3      	GOTO       L_main77
L_main76:
;SeaTurtle.c,301 :: 		else if(EXH_heat)
0x01CF	0x0829      	MOVF       _EXH_heat, 0
0x01D0	0x1903      	BTFSC      STATUS, 2
0x01D1	0x29D3      	GOTO       L_main78
;SeaTurtle.c,302 :: 		EXH_heat--;
0x01D2	0x03A9      	DECF       _EXH_heat, 1
L_main78:
L_main77:
;SeaTurtle.c,303 :: 		}
L_main73:
;SeaTurtle.c,304 :: 		break;
0x01D3	0x2A32      	GOTO       L_main65
;SeaTurtle.c,306 :: 		case CMD_BRAKE:
L_main79:
;SeaTurtle.c,308 :: 		if(REV_status == REV_ACTIVE)
0x01D4	0x082D      	MOVF       _REV_status, 0
0x01D5	0x3A02      	XORLW      2
0x01D6	0x1D03      	BTFSS      STATUS, 2
0x01D7	0x29DB      	GOTO       L_main80
;SeaTurtle.c,309 :: 		REV = 0;
0x01D8	0x1683      	BSF        STATUS, 5
0x01D9	0x1105      	BCF        TRISIO2_bit, BitPos(TRISIO2_bit+0)
0x01DA	0x29DF      	GOTO       L_main81
L_main80:
;SeaTurtle.c,313 :: 		TAIL_pwm = PWM_FULL;
0x01DB	0x3010      	MOVLW      16
0x01DC	0x00AF      	MOVWF      _TAIL_pwm
;SeaTurtle.c,314 :: 		REV_status = REV_BRAKE;
0x01DD	0x3001      	MOVLW      1
0x01DE	0x00AD      	MOVWF      _REV_status
;SeaTurtle.c,315 :: 		}
L_main81:
;SeaTurtle.c,317 :: 		if(EXH_heat >= EXH_IGNITION_TEMP)
0x01DF	0x3032      	MOVLW      50
0x01E0	0x0229      	SUBWF      _EXH_heat, 0
0x01E1	0x1C03      	BTFSS      STATUS, 0
0x01E2	0x29FB      	GOTO       L_main82
;SeaTurtle.c,320 :: 		EXH_sequence = backfire[TMR0 & 0b00000011];
0x01E3	0x3003      	MOVLW      3
0x01E4	0x1283      	BCF        STATUS, 5
0x01E5	0x0501      	ANDWF      TMR0, 0
0x01E6	0x00D0      	MOVWF      R0
0x01E7	0x3000      	MOVLW      0
0x01E8	0x00D1      	MOVWF      R0+1
0x01E9	0x305D      	MOVLW      _backfire
0x01EA	0x07D0      	ADDWF      R0, 1
0x01EB	0x3002      	MOVLW      hi_addr(_backfire)
0x01EC	0x1803      	BTFSC      STATUS, 0
0x01ED	0x3E01      	ADDLW      1
0x01EE	0x07D1      	ADDWF      R0+1, 1
0x01EF	0x0850      	MOVF       R0, 0
0x01F0	0x00B6      	MOVWF      ___DoICPAddr
0x01F1	0x0851      	MOVF       R0+1, 0
0x01F2	0x00B7      	MOVWF      ___DoICPAddr+1
0x01F3	0x202B      	CALL       _____DoICP
0x01F4	0x118A      	BCF        PCLATH, 3
0x01F5	0x120A      	BCF        PCLATH, 4
0x01F6	0x00A8      	MOVWF      _EXH_sequence
;SeaTurtle.c,321 :: 		EXH_bit = 7;
0x01F7	0x3007      	MOVLW      7
0x01F8	0x00A7      	MOVWF      _EXH_bit
;SeaTurtle.c,322 :: 		EXH_heat = 0;
0x01F9	0x01A9      	CLRF       _EXH_heat
;SeaTurtle.c,323 :: 		}
0x01FA	0x29FF      	GOTO       L_main83
L_main82:
;SeaTurtle.c,324 :: 		else if(EXH_heat)
0x01FB	0x0829      	MOVF       _EXH_heat, 0
0x01FC	0x1903      	BTFSC      STATUS, 2
0x01FD	0x29FF      	GOTO       L_main84
;SeaTurtle.c,325 :: 		EXH_heat--;
0x01FE	0x03A9      	DECF       _EXH_heat, 1
L_main84:
L_main83:
;SeaTurtle.c,326 :: 		break;
0x01FF	0x2A32      	GOTO       L_main65
;SeaTurtle.c,328 :: 		default:
L_main85:
;SeaTurtle.c,330 :: 		TAIL_pwm = PWM_DIM;
0x0200	0x3004      	MOVLW      4
0x0201	0x00AF      	MOVWF      _TAIL_pwm
;SeaTurtle.c,332 :: 		if(REV_status == REV_BRAKE)
0x0202	0x082D      	MOVF       _REV_status, 0
0x0203	0x3A01      	XORLW      1
0x0204	0x1D03      	BTFSS      STATUS, 2
0x0205	0x2A08      	GOTO       L_main86
;SeaTurtle.c,333 :: 		REV_status = REV_ACTIVE;
0x0206	0x3002      	MOVLW      2
0x0207	0x00AD      	MOVWF      _REV_status
L_main86:
;SeaTurtle.c,335 :: 		if(EXH_heat >= EXH_IGNITION_TEMP)
0x0208	0x3032      	MOVLW      50
0x0209	0x0229      	SUBWF      _EXH_heat, 0
0x020A	0x1C03      	BTFSS      STATUS, 0
0x020B	0x2A24      	GOTO       L_main87
;SeaTurtle.c,338 :: 		EXH_sequence = backfire[TMR0 & 0b00000011];
0x020C	0x1283      	BCF        STATUS, 5
0x020D	0x3003      	MOVLW      3
0x020E	0x0501      	ANDWF      TMR0, 0
0x020F	0x00D0      	MOVWF      R0
0x0210	0x3000      	MOVLW      0
0x0211	0x00D1      	MOVWF      R0+1
0x0212	0x305D      	MOVLW      _backfire
0x0213	0x07D0      	ADDWF      R0, 1
0x0214	0x3002      	MOVLW      hi_addr(_backfire)
0x0215	0x1803      	BTFSC      STATUS, 0
0x0216	0x3E01      	ADDLW      1
0x0217	0x07D1      	ADDWF      R0+1, 1
0x0218	0x0850      	MOVF       R0, 0
0x0219	0x00B6      	MOVWF      ___DoICPAddr
0x021A	0x0851      	MOVF       R0+1, 0
0x021B	0x00B7      	MOVWF      ___DoICPAddr+1
0x021C	0x202B      	CALL       _____DoICP
0x021D	0x118A      	BCF        PCLATH, 3
0x021E	0x120A      	BCF        PCLATH, 4
0x021F	0x00A8      	MOVWF      _EXH_sequence
;SeaTurtle.c,339 :: 		EXH_bit = 7;
0x0220	0x3007      	MOVLW      7
0x0221	0x00A7      	MOVWF      _EXH_bit
;SeaTurtle.c,340 :: 		EXH_heat = 0;
0x0222	0x01A9      	CLRF       _EXH_heat
;SeaTurtle.c,341 :: 		}
0x0223	0x2A28      	GOTO       L_main88
L_main87:
;SeaTurtle.c,342 :: 		else if(EXH_heat)
0x0224	0x0829      	MOVF       _EXH_heat, 0
0x0225	0x1903      	BTFSC      STATUS, 2
0x0226	0x2A28      	GOTO       L_main89
;SeaTurtle.c,343 :: 		EXH_heat--;
0x0227	0x03A9      	DECF       _EXH_heat, 1
L_main89:
L_main88:
;SeaTurtle.c,344 :: 		}
0x0228	0x2A32      	GOTO       L_main65
L_main64:
0x0229	0x082C      	MOVF       _PPM_command, 0
0x022A	0x3A01      	XORLW      1
0x022B	0x1903      	BTFSC      STATUS, 2
0x022C	0x29AE      	GOTO       L_main66
0x022D	0x082C      	MOVF       _PPM_command, 0
0x022E	0x3A02      	XORLW      2
0x022F	0x1903      	BTFSC      STATUS, 2
0x0230	0x29D4      	GOTO       L_main79
0x0231	0x2A00      	GOTO       L_main85
L_main65:
;SeaTurtle.c,346 :: 		PPM_updated = 0;
0x0232	0x01A5      	CLRF       _PPM_updated
;SeaTurtle.c,347 :: 		}
L_main51:
;SeaTurtle.c,350 :: 		if(--EXH_delay == 0)
0x0233	0x03AB      	DECF       _EXH_delay, 1
0x0234	0x082B      	MOVF       _EXH_delay, 0
0x0235	0x3A00      	XORLW      0
0x0236	0x1D03      	BTFSS      STATUS, 2
0x0237	0x2A47      	GOTO       L_main90
;SeaTurtle.c,352 :: 		EXH_delay = EXH_DELAY_CYCLES;
0x0238	0x3032      	MOVLW      50
0x0239	0x00AB      	MOVWF      _EXH_delay
;SeaTurtle.c,353 :: 		if(EXH_bit)
0x023A	0x0827      	MOVF       _EXH_bit, 0
0x023B	0x1903      	BTFSC      STATUS, 2
0x023C	0x2A47      	GOTO       L_main91
;SeaTurtle.c,355 :: 		EXH_bit--;
0x023D	0x03A7      	DECF       _EXH_bit, 1
;SeaTurtle.c,356 :: 		EXH = !EXH_sequence.B0;
0x023E	0x1828      	BTFSC      _EXH_sequence, 0
0x023F	0x2A43      	GOTO       L__main108
0x0240	0x1683      	BSF        STATUS, 5
0x0241	0x1605      	BSF        TRISIO4_bit, BitPos(TRISIO4_bit+0)
0x0242	0x2A45      	GOTO       L__main109
L__main108:
0x0243	0x1683      	BSF        STATUS, 5
0x0244	0x1205      	BCF        TRISIO4_bit, BitPos(TRISIO4_bit+0)
L__main109:
;SeaTurtle.c,357 :: 		EXH_sequence = EXH_sequence >> 1;
0x0245	0x0CA8      	RRF        _EXH_sequence, 1
0x0246	0x13A8      	BCF        _EXH_sequence, 7
;SeaTurtle.c,358 :: 		}
L_main91:
;SeaTurtle.c,359 :: 		}
L_main90:
;SeaTurtle.c,361 :: 		if(++PWM_i > PWM_CYCLE)
0x0247	0x0AAA      	INCF       _PWM_i, 1
0x0248	0x082A      	MOVF       _PWM_i, 0
0x0249	0x3C10      	SUBLW      16
0x024A	0x1803      	BTFSC      STATUS, 0
0x024B	0x2A4D      	GOTO       L_main92
;SeaTurtle.c,362 :: 		PWM_i = 0;
0x024C	0x01AA      	CLRF       _PWM_i
L_main92:
;SeaTurtle.c,363 :: 		if(TAIL_pwm > PWM_i) TAIL = 0; else TAIL = 1;
0x024D	0x082F      	MOVF       _TAIL_pwm, 0
0x024E	0x022A      	SUBWF      _PWM_i, 0
0x024F	0x1803      	BTFSC      STATUS, 0
0x0250	0x2A54      	GOTO       L_main93
0x0251	0x1683      	BSF        STATUS, 5
0x0252	0x1085      	BCF        TRISIO1_bit, BitPos(TRISIO1_bit+0)
0x0253	0x2A56      	GOTO       L_main94
L_main93:
0x0254	0x1683      	BSF        STATUS, 5
0x0255	0x1485      	BSF        TRISIO1_bit, BitPos(TRISIO1_bit+0)
L_main94:
;SeaTurtle.c,365 :: 		Delay_us(PWM_DELAY_US);
0x0256	0x3042      	MOVLW      66
0x0257	0x00DD      	MOVWF      R13
L_main95:
0x0258	0x0BDD      	DECFSZ     R13, 1
0x0259	0x2A58      	GOTO       L_main95
0x025A	0x0000      	NOP
;SeaTurtle.c,366 :: 		}
0x025B	0x297F      	GOTO       L_main49
;SeaTurtle.c,367 :: 		}
L_end_main:
0x025C	0x2A5C      	GOTO       $+0
; end of _main
;SeaTurtle.c,59 :: _backfire
0x025D	0x3481 ;_backfire+0
0x025E	0x3428 ;_backfire+1
0x025F	0x3401 ;_backfire+2
0x0260	0x3491 ;_backfire+3
; end of _backfire
Symbol List:
//** Routines locations **
//ADDRESS    SIZE    PROCEDURE
//----------------------------------------------
0x0004      [39]    _interrupt
0x002B       [6]    _____DoICP
0x0031      [26]    _EEPROM_Write
0x004B      [20]    _syncPPM
0x005F      [12]    ___CC2DW
0x006B       [9]    _EEPROM_Read
0x0074      [43]    _hardwareTest
0x009F      [85]    _userSetup
0x00F4     [361]    _main
//** Variables locations ** 
//ADDRESS    SIZE    VARIABLE
//----------------------------------------------
0x0000       [1]    INDF
0x0001       [1]    TMR0
0x0002       [1]    PCL
0x0003       [1]    STATUS
0x0004       [1]    FSR
0x0005       [1]    GPIO
0x0005       [0]    GP5_bit
0x0005       [0]    PPM
0x000A       [1]    PCLATH
0x000B       [0]    GIE_bit
0x000B       [0]    GPIE_bit
0x000B       [1]    INTCON
0x000B       [0]    GPIF_bit
0x0019       [1]    CMCON
0x0020       [1]    _PPM_level
0x0021       [1]    _PPM_start
0x0022       [1]    _PPM_neutral
0x0023       [1]    _PPM_value
0x0024       [1]    _PPM_full
0x0025       [1]    _PPM_updated
0x0026       [1]    _PPM_reverse
0x0027       [1]    _EXH_bit
0x0028       [1]    _EXH_sequence
0x0029       [1]    _EXH_heat
0x002A       [1]    _PWM_i
0x002B       [1]    _EXH_delay
0x002C       [1]    _PPM_command
0x002D       [1]    _REV_status
0x002E       [1]    _PPM_antiglitch
0x002F       [1]    _TAIL_pwm
0x0030       [1]    _i
0x0031       [1]    _PPM_minzero
0x0032       [1]    _EXH_threshold
0x0033       [1]    _PPM_maxzero
0x0034       [1]    ___savePCLATH
0x0035       [1]    ___saveSTATUS
0x0036       [2]    ___DoICPAddr
0x0038       [1]    FARG_EEPROM_Read_Address
0x0039       [1]    FARG_EEPROM_Write_Address
0x0039       [1]    FARG_syncPPM_frames
0x003A       [1]    FARG_EEPROM_Write_data_
0x0050       [1]    R0
0x0051       [1]    R1
0x0052       [1]    R2
0x0053       [1]    R3
0x0054       [1]    R4
0x0055       [1]    R5
0x0056       [1]    R6
0x0057       [1]    R7
0x0058       [1]    R8
0x0059       [1]    R9
0x005A       [1]    R10
0x005B       [1]    R11
0x005C       [1]    R12
0x005D       [1]    R13
0x005E       [1]    R14
0x005F       [1]    R15
0x0081       [1]    OPTION_REG
0x0085       [0]    HEAD
0x0085       [0]    TRISIO2_bit
0x0085       [0]    TRISIO1_bit
0x0085       [0]    EXH
0x0085       [0]    REV
0x0085       [0]    TRISIO0_bit
0x0085       [0]    TAIL
0x0085       [0]    TRISIO5_bit
0x0085       [0]    TRISIO4_bit
0x0090       [1]    OSCCAL
0x0095       [1]    WPU
0x0096       [1]    IOC
0x009A       [1]    EEDATA
0x009B       [1]    EEADR
0x009C       [1]    EECON1
0x009D       [1]    EECON2
//** Constants locations ** 
//ADDRESS    SIZE    CONSTANT
//----------------------------------------------
0x025D       [4]    _backfire
