;  LST file generated by mikroListExporter - v.2.0 
; Date/Time: 28/03/2016 23.08.16
;----------------------------------------------

;Address Opcode 	ASM
0x0000	0x2851      	GOTO       81
_interrupt:
0x0004	0x00DF      	MOVWF      R15
0x0005	0x0E03      	SWAPF      STATUS, 0
0x0006	0x0183      	CLRF       STATUS
0x0007	0x00A9      	MOVWF      ___saveSTATUS
0x0008	0x080A      	MOVF       PCLATH, 0
0x0009	0x00AA      	MOVWF      ___savePCLATH
0x000A	0x018A      	CLRF       PCLATH
;SeaTurtle.c,33 :: 		void interrupt()
;SeaTurtle.c,35 :: 		if(GPIF_bit)
0x000B	0x1C0B      	BTFSS      GPIF_bit, BitPos(GPIF_bit+0)
0x000C	0x2824      	GOTO       L_interrupt0
;SeaTurtle.c,37 :: 		if(PPM && !PPM_level)
0x000D	0x1283      	BCF        STATUS, 5
0x000E	0x1E85      	BTFSS      GP5_bit, BitPos(GP5_bit+0)
0x000F	0x2818      	GOTO       L_interrupt3
0x0010	0x0823      	MOVF       _PPM_level, 0
0x0011	0x1D03      	BTFSS      STATUS, 2
0x0012	0x2818      	GOTO       L_interrupt3
L__interrupt28:
;SeaTurtle.c,39 :: 		PPM_start = TMR0;
0x0013	0x0801      	MOVF       TMR0, 0
0x0014	0x00A2      	MOVWF      _PPM_start
;SeaTurtle.c,40 :: 		PPM_level = 1;
0x0015	0x3001      	MOVLW      1
0x0016	0x00A3      	MOVWF      _PPM_level
;SeaTurtle.c,41 :: 		}
0x0017	0x2823      	GOTO       L_interrupt4
L_interrupt3:
;SeaTurtle.c,42 :: 		else if(!PPM && PPM_level)
0x0018	0x1A85      	BTFSC      GP5_bit, BitPos(GP5_bit+0)
0x0019	0x2823      	GOTO       L_interrupt7
0x001A	0x0823      	MOVF       _PPM_level, 0
0x001B	0x1903      	BTFSC      STATUS, 2
0x001C	0x2823      	GOTO       L_interrupt7
L__interrupt27:
;SeaTurtle.c,44 :: 		PPM_value = TMR0 - PPM_start;
0x001D	0x0822      	MOVF       _PPM_start, 0
0x001E	0x0201      	SUBWF      TMR0, 0
0x001F	0x00A0      	MOVWF      _PPM_value
;SeaTurtle.c,45 :: 		PPM_level = 0;
0x0020	0x01A3      	CLRF       _PPM_level
;SeaTurtle.c,46 :: 		PPM_updated = 1;
0x0021	0x3001      	MOVLW      1
0x0022	0x00A1      	MOVWF      _PPM_updated
;SeaTurtle.c,47 :: 		}
L_interrupt7:
L_interrupt4:
;SeaTurtle.c,49 :: 		GPIF_bit = 0;
0x0023	0x100B      	BCF        GPIF_bit, BitPos(GPIF_bit+0)
;SeaTurtle.c,50 :: 		}
L_interrupt0:
;SeaTurtle.c,51 :: 		}
L_end_interrupt:
L__interrupt30:
0x0024	0x082A      	MOVF       ___savePCLATH, 0
0x0025	0x008A      	MOVWF      PCLATH
0x0026	0x0E29      	SWAPF      ___saveSTATUS, 0
0x0027	0x0083      	MOVWF      STATUS
0x0028	0x0EDF      	SWAPF      R15, 1
0x0029	0x0E5F      	SWAPF      R15, 0
0x002A	0x0009      	RETFIE
; end of _interrupt
_____DoICP:
;__Lib_System.c,6 :: 		
;__Lib_System.c,9 :: 		
0x002B	0x1283      	BCF        STATUS, 5
0x002C	0x0828      	MOVF       ___DoICPAddr+1, 0
0x002D	0x008A      	MOVWF      PCLATH
;__Lib_System.c,10 :: 		
0x002E	0x0827      	MOVF       ___DoICPAddr, 0
0x002F	0x0082      	MOVWF      PCL
;__Lib_System.c,12 :: 		
L_end_____DoICP:
0x0030	0x0008      	RETURN
; end of _____DoICP
___CC2DW:
;__Lib_System.c,134 :: 		
;__Lib_System.c,137 :: 		
_CC2D_Loop1:
;__Lib_System.c,139 :: 		
0x0031	0x202B      	CALL       _____DoICP
0x0032	0x118A      	BCF        PCLATH, 3
0x0033	0x120A      	BCF        PCLATH, 4
;__Lib_System.c,141 :: 		
0x0034	0x0080      	MOVWF      INDF
;__Lib_System.c,142 :: 		
0x0035	0x0A84      	INCF       FSR, 1
;__Lib_System.c,143 :: 		
0x0036	0x0AA7      	INCF       ___DoICPAddr, 1
;__Lib_System.c,145 :: 		
0x0037	0x1903      	BTFSC      STATUS, 2
;__Lib_System.c,146 :: 		
0x0038	0x0AA8      	INCF       ___DoICPAddr+1, 1
;__Lib_System.c,147 :: 		
0x0039	0x03D0      	DECF       R0, 1
;__Lib_System.c,149 :: 		
0x003A	0x1D03      	BTFSS      STATUS, 2
;__Lib_System.c,150 :: 		
0x003B	0x2831      	GOTO       _CC2D_Loop1
;__Lib_System.c,152 :: 		
L_end___CC2DW:
0x003C	0x0008      	RETURN
; end of ___CC2DW
_syncPPM:
;SeaTurtle.c,53 :: 		void syncPPM(unsigned char frames)
;SeaTurtle.c,56 :: 		i = 0;
0x003D	0x1283      	BCF        STATUS, 5
0x003E	0x01A6      	CLRF       _i
;SeaTurtle.c,57 :: 		while(i < frames)
L_syncPPM8:
0x003F	0x082B      	MOVF       FARG_syncPPM_frames, 0
0x0040	0x0226      	SUBWF      _i, 0
0x0041	0x1803      	BTFSC      STATUS, 0
0x0042	0x2850      	GOTO       L_syncPPM9
;SeaTurtle.c,59 :: 		PPM_updated = 0;
0x0043	0x01A1      	CLRF       _PPM_updated
;SeaTurtle.c,60 :: 		while(!PPM_updated);
L_syncPPM10:
0x0044	0x0821      	MOVF       _PPM_updated, 0
0x0045	0x1D03      	BTFSS      STATUS, 2
0x0046	0x2848      	GOTO       L_syncPPM11
0x0047	0x2844      	GOTO       L_syncPPM10
L_syncPPM11:
;SeaTurtle.c,61 :: 		if(PPM_value > PPM_MIN_VALID)
0x0048	0x0820      	MOVF       _PPM_value, 0
0x0049	0x3C70      	SUBLW      112
0x004A	0x1803      	BTFSC      STATUS, 0
0x004B	0x284E      	GOTO       L_syncPPM12
;SeaTurtle.c,62 :: 		i++;
0x004C	0x0AA6      	INCF       _i, 1
0x004D	0x284F      	GOTO       L_syncPPM13
L_syncPPM12:
;SeaTurtle.c,64 :: 		i = 0;
0x004E	0x01A6      	CLRF       _i
L_syncPPM13:
;SeaTurtle.c,65 :: 		}
0x004F	0x283F      	GOTO       L_syncPPM8
L_syncPPM9:
;SeaTurtle.c,66 :: 		}
L_end_syncPPM:
0x0050	0x0008      	RETURN
; end of _syncPPM
_main:
0x0051	0x30BC      	MOVLW      188
0x0052	0x1283      	BCF        STATUS, 5
0x0053	0x00A0      	MOVWF      _PPM_value
0x0054	0x01A1      	CLRF       _PPM_updated
0x0055	0x01A2      	CLRF       _PPM_start
0x0056	0x01A3      	CLRF       _PPM_level
0x0057	0x3080      	MOVLW      128
0x0058	0x00A4      	MOVWF      _PPM_antiglitch
0x0059	0x01A5      	CLRF       _PPM_command
;SeaTurtle.c,68 :: 		void main() {
;SeaTurtle.c,72 :: 		bsf STATUS, RP0
0x005A	0x1683      	BSF        STATUS, 5
;SeaTurtle.c,73 :: 		call 0x03ff
0x005B	0x23FF      	CALL       1023
;SeaTurtle.c,74 :: 		movwf OSCCAL
0x005C	0x0090      	MOVWF      OSCCAL
;SeaTurtle.c,75 :: 		bcf STATUS, RP0
0x005D	0x1283      	BCF        STATUS, 5
;SeaTurtle.c,78 :: 		CMCON = 0b00010111;         // Comparatori OFF
0x005E	0x3017      	MOVLW      23
0x005F	0x0099      	MOVWF      CMCON
;SeaTurtle.c,79 :: 		OPTION_REG = 0b00000010;    // TMR0 con prescaler 1/8 (ciclo 2,048 msec), pull-up abilitati
0x0060	0x3002      	MOVLW      2
0x0061	0x1683      	BSF        STATUS, 5
0x0062	0x0081      	MOVWF      OPTION_REG
;SeaTurtle.c,81 :: 		GIE_bit = 1;                // Interrupt generale abilitato
0x0063	0x178B      	BSF        GIE_bit, BitPos(GIE_bit+0)
;SeaTurtle.c,82 :: 		GPIE_bit = 1;               // Interrupt-On-Change abilitato
0x0064	0x158B      	BSF        GPIE_bit, BitPos(GPIE_bit+0)
;SeaTurtle.c,83 :: 		IOC = 0b00100000;           // IOC abilitato su GP5 (PPM)
0x0065	0x3020      	MOVLW      32
0x0066	0x0096      	MOVWF      IOC
;SeaTurtle.c,84 :: 		WPU = 0b00100000;           // Weak pull-up abilitato solo su GP5 (PPM)
0x0067	0x3020      	MOVLW      32
0x0068	0x0095      	MOVWF      WPU
;SeaTurtle.c,86 :: 		TRISIO5_bit = 1;
0x0069	0x1685      	BSF        TRISIO5_bit, BitPos(TRISIO5_bit+0)
;SeaTurtle.c,88 :: 		ALL_OFF();
0x006A	0x1485      	BSF        TRISIO1_bit, BitPos(TRISIO1_bit+0)
0x006B	0x1405      	BSF        TRISIO0_bit, BitPos(TRISIO0_bit+0)
0x006C	0x1605      	BSF        TRISIO4_bit, BitPos(TRISIO4_bit+0)
0x006D	0x1505      	BSF        TRISIO2_bit, BitPos(TRISIO2_bit+0)
;SeaTurtle.c,89 :: 		GPIO = 0xFF;        // Tutti i buffer di uscita accesi
0x006E	0x30FF      	MOVLW      255
0x006F	0x1283      	BCF        STATUS, 5
0x0070	0x0085      	MOVWF      GPIO
;SeaTurtle.c,92 :: 		syncPPM(STARTUP_PPM_FRAMES);
0x0071	0x3064      	MOVLW      100
0x0072	0x00AB      	MOVWF      FARG_syncPPM_frames
0x0073	0x203D      	CALL       _syncPPM
;SeaTurtle.c,95 :: 		while(1)
L_main14:
;SeaTurtle.c,97 :: 		if(PPM_updated)
0x0074	0x0821      	MOVF       _PPM_updated, 0
0x0075	0x1903      	BTFSC      STATUS, 2
0x0076	0x28A1      	GOTO       L_main16
;SeaTurtle.c,100 :: 		if(PPM_value > PPM_1500_US)
0x0077	0x0820      	MOVF       _PPM_value, 0
0x0078	0x3CBC      	SUBLW      188
0x0079	0x1803      	BTFSC      STATUS, 0
0x007A	0x2885      	GOTO       L_main17
;SeaTurtle.c,102 :: 		if(PPM_antiglitch < ANTIGLITCH_ZERO + ANTIGLITCH_COUNT)
0x007B	0x3085      	MOVLW      133
0x007C	0x0224      	SUBWF      _PPM_antiglitch, 0
0x007D	0x1803      	BTFSC      STATUS, 0
0x007E	0x2882      	GOTO       L_main18
;SeaTurtle.c,104 :: 		PPM_antiglitch++;
0x007F	0x0AA4      	INCF       _PPM_antiglitch, 1
;SeaTurtle.c,105 :: 		PPM_command = CMD_OFF;
0x0080	0x01A5      	CLRF       _PPM_command
;SeaTurtle.c,106 :: 		}
0x0081	0x2884      	GOTO       L_main19
L_main18:
;SeaTurtle.c,108 :: 		PPM_command = CMD_ON;
0x0082	0x3001      	MOVLW      1
0x0083	0x00A5      	MOVWF      _PPM_command
L_main19:
;SeaTurtle.c,109 :: 		}
0x0084	0x288E      	GOTO       L_main20
L_main17:
;SeaTurtle.c,112 :: 		if(PPM_antiglitch > ANTIGLITCH_ZERO)
0x0085	0x0824      	MOVF       _PPM_antiglitch, 0
0x0086	0x3C80      	SUBLW      128
0x0087	0x1803      	BTFSC      STATUS, 0
0x0088	0x288D      	GOTO       L_main21
;SeaTurtle.c,114 :: 		PPM_antiglitch--;
0x0089	0x03A4      	DECF       _PPM_antiglitch, 1
;SeaTurtle.c,115 :: 		PPM_command = CMD_ON;
0x008A	0x3001      	MOVLW      1
0x008B	0x00A5      	MOVWF      _PPM_command
;SeaTurtle.c,116 :: 		}
0x008C	0x288E      	GOTO       L_main22
L_main21:
;SeaTurtle.c,118 :: 		PPM_command = CMD_OFF;
0x008D	0x01A5      	CLRF       _PPM_command
L_main22:
;SeaTurtle.c,119 :: 		}
L_main20:
;SeaTurtle.c,122 :: 		switch(PPM_command)
0x008E	0x289B      	GOTO       L_main23
;SeaTurtle.c,124 :: 		case CMD_ON:
L_main25:
;SeaTurtle.c,126 :: 		HEAD_ON();
0x008F	0x1683      	BSF        STATUS, 5
0x0090	0x1085      	BCF        TRISIO1_bit, BitPos(TRISIO1_bit+0)
0x0091	0x1005      	BCF        TRISIO0_bit, BitPos(TRISIO0_bit+0)
;SeaTurtle.c,127 :: 		TAIL_ON();
0x0092	0x1205      	BCF        TRISIO4_bit, BitPos(TRISIO4_bit+0)
0x0093	0x1105      	BCF        TRISIO2_bit, BitPos(TRISIO2_bit+0)
;SeaTurtle.c,128 :: 		break;
0x0094	0x28A0      	GOTO       L_main24
;SeaTurtle.c,130 :: 		default:
L_main26:
0x0095	0x1683      	BSF        STATUS, 5
;SeaTurtle.c,132 :: 		ALL_OFF();
0x0096	0x1485      	BSF        TRISIO1_bit, BitPos(TRISIO1_bit+0)
0x0097	0x1405      	BSF        TRISIO0_bit, BitPos(TRISIO0_bit+0)
0x0098	0x1605      	BSF        TRISIO4_bit, BitPos(TRISIO4_bit+0)
0x0099	0x1505      	BSF        TRISIO2_bit, BitPos(TRISIO2_bit+0)
;SeaTurtle.c,133 :: 		}
0x009A	0x28A0      	GOTO       L_main24
L_main23:
0x009B	0x0825      	MOVF       _PPM_command, 0
0x009C	0x3A01      	XORLW      1
0x009D	0x1903      	BTFSC      STATUS, 2
0x009E	0x288F      	GOTO       L_main25
0x009F	0x2895      	GOTO       L_main26
L_main24:
;SeaTurtle.c,135 :: 		PPM_updated = 0;
0x00A0	0x01A1      	CLRF       _PPM_updated
;SeaTurtle.c,136 :: 		}
L_main16:
;SeaTurtle.c,137 :: 		}
0x00A1	0x2874      	GOTO       L_main14
;SeaTurtle.c,138 :: 		}
L_end_main:
0x00A2	0x28A2      	GOTO       $+0
; end of _main
Symbol List:
//** Routines locations **
//ADDRESS    SIZE    PROCEDURE
//----------------------------------------------
0x0004      [39]    _interrupt
0x002B       [6]    _____DoICP
0x0031      [12]    ___CC2DW
0x003D      [20]    _syncPPM
0x0051      [82]    _main
//** Variables locations ** 
//ADDRESS    SIZE    VARIABLE
//----------------------------------------------
0x0000       [1]    INDF
0x0001       [1]    TMR0
0x0002       [1]    PCL
0x0003       [1]    STATUS
0x0004       [1]    FSR
0x0005       [1]    GPIO
0x0005       [0]    GP5_bit
0x0005       [0]    PPM
0x000A       [1]    PCLATH
0x000B       [0]    GPIF_bit
0x000B       [0]    GPIE_bit
0x000B       [0]    GIE_bit
0x0019       [1]    CMCON
0x0020       [1]    _PPM_value
0x0021       [1]    _PPM_updated
0x0022       [1]    _PPM_start
0x0023       [1]    _PPM_level
0x0024       [1]    _PPM_antiglitch
0x0025       [1]    _PPM_command
0x0026       [1]    _i
0x0027       [2]    ___DoICPAddr
0x0029       [1]    ___saveSTATUS
0x002A       [1]    ___savePCLATH
0x002B       [1]    FARG_syncPPM_frames
0x0050       [1]    R0
0x0051       [1]    R1
0x0052       [1]    R2
0x0053       [1]    R3
0x0054       [1]    R4
0x0055       [1]    R5
0x0056       [1]    R6
0x0057       [1]    R7
0x0058       [1]    R8
0x0059       [1]    R9
0x005A       [1]    R10
0x005B       [1]    R11
0x005C       [1]    R12
0x005D       [1]    R13
0x005E       [1]    R14
0x005F       [1]    R15
0x0081       [1]    OPTION_REG
0x0085       [0]    TAIL1
0x0085       [0]    TAIL2
0x0085       [0]    TRISIO4_bit
0x0085       [0]    TRISIO5_bit
0x0085       [0]    TRISIO0_bit
0x0085       [0]    HEAD1
0x0085       [0]    TRISIO1_bit
0x0085       [0]    TRISIO2_bit
0x0085       [0]    HEAD2
0x0090       [1]    OSCCAL
0x0095       [1]    WPU
0x0096       [1]    IOC
